Archive member included to satisfy reference by file (symbol)

/usr/local/Cellar/arm-none-eabi-gcc/10.3-2021.07/gcc/bin/../lib/gcc/arm-none-eabi/10.3.1/thumb/v6-m/nofp/libgcc.a(_dvmd_tls.o)
                              CMakeFiles/picoPET.dir/Users/dorsic/Development/pico/pico-sdk/src/rp2_common/pico_divider/divider.S.obj (__aeabi_idiv0)
/usr/local/Cellar/arm-none-eabi-gcc/10.3-2021.07/gcc/bin/../lib/gcc/arm-none-eabi/10.3.1/../../../../arm-none-eabi/lib/thumb/v6-m/nofp/libg.a(lib_a-calloc.o)
                              CMakeFiles/picoPET.dir/Users/dorsic/Development/pico/pico-sdk/src/rp2_common/pico_malloc/pico_malloc.c.obj (calloc)
/usr/local/Cellar/arm-none-eabi-gcc/10.3-2021.07/gcc/bin/../lib/gcc/arm-none-eabi/10.3.1/../../../../arm-none-eabi/lib/thumb/v6-m/nofp/libg.a(lib_a-callocr.o)
                              /usr/local/Cellar/arm-none-eabi-gcc/10.3-2021.07/gcc/bin/../lib/gcc/arm-none-eabi/10.3.1/../../../../arm-none-eabi/lib/thumb/v6-m/nofp/libg.a(lib_a-calloc.o) (_calloc_r)
/usr/local/Cellar/arm-none-eabi-gcc/10.3-2021.07/gcc/bin/../lib/gcc/arm-none-eabi/10.3.1/../../../../arm-none-eabi/lib/thumb/v6-m/nofp/libg.a(lib_a-ctype_.o)
                              CMakeFiles/picoPET.dir/Users/dorsic/Development/pico/pico-sdk/lib/tinyusb/src/tusb.c.obj (_ctype_)
/usr/local/Cellar/arm-none-eabi-gcc/10.3-2021.07/gcc/bin/../lib/gcc/arm-none-eabi/10.3.1/../../../../arm-none-eabi/lib/thumb/v6-m/nofp/libg.a(lib_a-errno.o)
                              /usr/local/Cellar/arm-none-eabi-gcc/10.3-2021.07/gcc/bin/../lib/gcc/arm-none-eabi/10.3.1/../../../../arm-none-eabi/lib/thumb/v6-m/nofp/libg.a(lib_a-callocr.o) (__errno)
/usr/local/Cellar/arm-none-eabi-gcc/10.3-2021.07/gcc/bin/../lib/gcc/arm-none-eabi/10.3.1/../../../../arm-none-eabi/lib/thumb/v6-m/nofp/libg.a(lib_a-impure.o)
                              /usr/local/Cellar/arm-none-eabi-gcc/10.3-2021.07/gcc/bin/../lib/gcc/arm-none-eabi/10.3.1/../../../../arm-none-eabi/lib/thumb/v6-m/nofp/libg.a(lib_a-calloc.o) (_impure_ptr)
/usr/local/Cellar/arm-none-eabi-gcc/10.3-2021.07/gcc/bin/../lib/gcc/arm-none-eabi/10.3.1/../../../../arm-none-eabi/lib/thumb/v6-m/nofp/libg.a(lib_a-init.o)
                              /usr/local/Cellar/arm-none-eabi-gcc/10.3-2021.07/gcc/bin/../lib/gcc/arm-none-eabi/10.3.1/../../../../arm-none-eabi/lib/thumb/v6-m/nofp/crt0.o (__libc_init_array)
/usr/local/Cellar/arm-none-eabi-gcc/10.3-2021.07/gcc/bin/../lib/gcc/arm-none-eabi/10.3.1/../../../../arm-none-eabi/lib/thumb/v6-m/nofp/libg.a(lib_a-malloc.o)
                              CMakeFiles/picoPET.dir/Users/dorsic/Development/pico/pico-sdk/src/rp2_common/pico_malloc/pico_malloc.c.obj (malloc)
/usr/local/Cellar/arm-none-eabi-gcc/10.3-2021.07/gcc/bin/../lib/gcc/arm-none-eabi/10.3.1/../../../../arm-none-eabi/lib/thumb/v6-m/nofp/libg.a(lib_a-mallocr.o)
                              /usr/local/Cellar/arm-none-eabi-gcc/10.3-2021.07/gcc/bin/../lib/gcc/arm-none-eabi/10.3.1/../../../../arm-none-eabi/lib/thumb/v6-m/nofp/libg.a(lib_a-callocr.o) (_malloc_r)
/usr/local/Cellar/arm-none-eabi-gcc/10.3-2021.07/gcc/bin/../lib/gcc/arm-none-eabi/10.3.1/../../../../arm-none-eabi/lib/thumb/v6-m/nofp/libg.a(lib_a-mlock.o)
                              /usr/local/Cellar/arm-none-eabi-gcc/10.3-2021.07/gcc/bin/../lib/gcc/arm-none-eabi/10.3.1/../../../../arm-none-eabi/lib/thumb/v6-m/nofp/libg.a(lib_a-mallocr.o) (__malloc_lock)
/usr/local/Cellar/arm-none-eabi-gcc/10.3-2021.07/gcc/bin/../lib/gcc/arm-none-eabi/10.3.1/../../../../arm-none-eabi/lib/thumb/v6-m/nofp/libg.a(lib_a-sbrkr.o)
                              /usr/local/Cellar/arm-none-eabi-gcc/10.3-2021.07/gcc/bin/../lib/gcc/arm-none-eabi/10.3.1/../../../../arm-none-eabi/lib/thumb/v6-m/nofp/libg.a(lib_a-mallocr.o) (_sbrk_r)
/usr/local/Cellar/arm-none-eabi-gcc/10.3-2021.07/gcc/bin/../lib/gcc/arm-none-eabi/10.3.1/../../../../arm-none-eabi/lib/thumb/v6-m/nofp/libg.a(lib_a-strlen-stub.o)
                              CMakeFiles/picoPET.dir/Users/dorsic/Development/pico/pico-sdk/src/rp2_common/pico_stdio/stdio.c.obj (strlen)
/usr/local/Cellar/arm-none-eabi-gcc/10.3-2021.07/gcc/bin/../lib/gcc/arm-none-eabi/10.3.1/../../../../arm-none-eabi/lib/thumb/v6-m/nofp/libg.a(lib_a-freer.o)
                              /usr/local/Cellar/arm-none-eabi-gcc/10.3-2021.07/gcc/bin/../lib/gcc/arm-none-eabi/10.3.1/../../../../arm-none-eabi/lib/thumb/v6-m/nofp/libg.a(lib_a-malloc.o) (_free_r)
/usr/local/Cellar/arm-none-eabi-gcc/10.3-2021.07/gcc/bin/../lib/gcc/arm-none-eabi/10.3.1/../../../../arm-none-eabi/lib/thumb/v6-m/nofp/libg.a(lib_a-lock.o)
                              /usr/local/Cellar/arm-none-eabi-gcc/10.3-2021.07/gcc/bin/../lib/gcc/arm-none-eabi/10.3.1/../../../../arm-none-eabi/lib/thumb/v6-m/nofp/libg.a(lib_a-mlock.o) (__retarget_lock_acquire_recursive)
/usr/local/Cellar/arm-none-eabi-gcc/10.3-2021.07/gcc/bin/../lib/gcc/arm-none-eabi/10.3.1/../../../../arm-none-eabi/lib/thumb/v6-m/nofp/libg.a(lib_a-reent.o)
[...]
Memory Configuration

Name             Origin             Length             Attributes
FLASH            0x0000000010000000 0x0000000000200000 xr
RAM              0x0000000020000000 0x0000000000040000 xrw
SCRATCH_X        0x0000000020040000 0x0000000000001000 xrw
SCRATCH_Y        0x0000000020041000 0x0000000000001000 xrw
*default*        0x0000000000000000 0xffffffffffffffff

Linker script and memory map

LOAD /usr/local/Cellar/arm-none-eabi-gcc/10.3-2021.07/gcc/bin/../lib/gcc/arm-none-eabi/10.3.1/thumb/v6-m/nofp/crti.o
LOAD /usr/local/Cellar/arm-none-eabi-gcc/10.3-2021.07/gcc/bin/../lib/gcc/arm-none-eabi/10.3.1/thumb/v6-m/nofp/crtbegin.o
LOAD /usr/local/Cellar/arm-none-eabi-gcc/10.3-2021.07/gcc/bin/../lib/gcc/arm-none-eabi/10.3.1/../../../../arm-none-eabi/lib/thumb/v6-m/nofp/crt0.o

.flash_begin    0x0000000010000000        0x0
                0x0000000010000000                __flash_binary_start = .

.boot2          0x0000000010000000      0x100
                0x0000000010000000                __boot2_start__ = .
 *(.boot2)
 .boot2         0x0000000010000000      0x100 /var/folders/nh/hhc5vw354hn0pd15b50rcpcc0000gn/T//cci44FvE.o
                0x0000000010000100                __boot2_end__ = .
                0x0000000000000001                ASSERT (((__boot2_end__ - __boot2_start__) == 0x100), ERROR: Pico second stage bootloader must be 256 bytes in size)

.text           0x0000000010000100     0x73a0
                0x0000000010000100                __logical_binary_start = .
 *(.vectors)
 .vectors       0x0000000010000100       0xd4 CMakeFiles/picoPET.dir/Users/dorsic/Development/pico/pico-sdk/src/rp2_common/pico_standard_link/crt0.S.obj
                0x0000000010000100                __VECTOR_TABLE
                0x0000000010000100                __vectors
                0x00000000100001c0                __default_isrs_start
                0x00000000100001c0                isr_invalid
                0x00000000100001c2                isr_nmi
                0x00000000100001c4                isr_hardfault
                0x00000000100001c6                isr_svcall
                0x00000000100001c8                isr_pendsv
                0x00000000100001ca                isr_systick
                0x00000000100001cc                isr_irq28
                0x00000000100001cc                isr_irq19
                0x00000000100001cc                isr_irq0
                0x00000000100001cc                isr_irq6
                0x00000000100001cc                isr_irq22
                0x00000000100001cc                isr_irq17
                0x00000000100001cc                isr_irq14
                0x00000000100001cc                isr_irq2
                0x00000000100001cc                isr_irq10
                0x00000000100001cc                isr_irq8
                0x00000000100001cc                isr_irq24
                0x00000000100001cc                isr_irq1
                0x00000000100001cc                isr_irq7
                0x00000000100001cc                isr_irq21
                0x00000000100001cc                isr_irq20
                0x00000000100001cc                isr_irq15
                0x00000000100001cc                isr_irq25
                0x00000000100001cc                isr_irq4
                0x00000000100001cc                isr_irq16
                0x00000000100001cc                isr_irq29
                0x00000000100001cc                isr_irq26
                0x00000000100001cc                __default_isrs_end
                0x00000000100001cc                isr_irq3
                0x00000000100001cc                isr_irq9
                0x00000000100001cc                __unhandled_user_irq
                0x00000000100001cc                isr_irq13
                0x00000000100001cc                isr_irq27
                0x00000000100001cc                isr_irq31
                0x00000000100001cc                isr_irq5
                0x00000000100001cc                isr_irq11
                0x00000000100001cc                isr_irq23
                0x00000000100001cc                isr_irq18
                0x00000000100001cc                isr_irq30
                0x00000000100001cc                isr_irq12
                0x00000000100001d2                unhandled_user_irq_num_in_r0
 *(.binary_info_header)
 .binary_info_header
                0x00000000100001d4       0x14 CMakeFiles/picoPET.dir/Users/dorsic/Development/pico/pico-sdk/src/rp2_common/pico_standard_link/crt0.S.obj
                0x00000000100001e8                __binary_info_header_end = .
 *(.reset)
 .reset         0x00000000100001e8       0xa8 CMakeFiles/picoPET.dir/Users/dorsic/Development/pico/pico-sdk/src/rp2_common/pico_standard_link/crt0.S.obj
                0x00000000100001e8                _entry_point
                0x0000000010000266                __get_current_exception
 .reset         0x0000000010000290       0x30 CMakeFiles/picoPET.dir/Users/dorsic/Development/pico/pico-sdk/src/rp2_common/pico_standard_link/binary_info.c.obj
 *(.init)
 .init          0x00000000100002c0        0x4 /usr/local/Cellar/arm-none-eabi-gcc/10.3-2021.07/gcc/bin/../lib/gcc/arm-none-eabi/10.3.1/thumb/v6-m/nofp/crti.o
                0x00000000100002c0                _init
 *(EXCLUDE_FILE(*libm.a: *libc.a:*lib_a-mem*.o *libgcc.a:) .text*)
 .text          0x00000000100002c4       0x48 /usr/local/Cellar/arm-none-eabi-gcc/10.3-2021.07/gcc/bin/../lib/gcc/arm-none-eabi/10.3.1/thumb/v6-m/nofp/crtbegin.o
 .text.picopet_sp_program_init
                0x000000001000030c      0x114 CMakeFiles/picoPET.dir/picoPET.c.obj
                0x000000001000030c                picopet_sp_program_init
 .text.configure_clocks
                0x0000000010000420       0x50 CMakeFiles/picoPET.dir/picoPET.c.obj
                0x0000000010000420                configure_clocks
 .text.countpet_forever
                0x0000000010000470       0x2a CMakeFiles/picoPET.dir/picoPET.c.obj
                0x0000000010000470                countpet_forever
 *fill*         0x000000001000049a        0x2 
 .text.configure_pios
                0x000000001000049c       0x2c CMakeFiles/picoPET.dir/picoPET.c.obj
                0x000000001000049c                configure_pios
 .text.main     0x00000000100004c8       0x64 CMakeFiles/picoPET.dir/picoPET.c.obj
                0x00000000100004c8                main
 .text.set_sys_clock_pll
                0x000000001000052c       0x78 CMakeFiles/picoPET.dir/Users/dorsic/Development/pico/pico-sdk/src/rp2_common/pico_stdlib/stdlib.c.obj
                0x000000001000052c                set_sys_clock_pll
 .text.check_sys_clock_khz
                0x00000000100005a4       0xb0 CMakeFiles/picoPET.dir/Users/dorsic/Development/pico/pico-sdk/src/rp2_common/pico_stdlib/stdlib.c.obj
                0x00000000100005a4                check_sys_clock_khz
 .text.gpio_set_function
                0x0000000010000654       0x30 CMakeFiles/picoPET.dir/Users/dorsic/Development/pico/pico-sdk/src/rp2_common/hardware_gpio/gpio.c.obj
                0x0000000010000654                gpio_set_function
 .text.hw_claim_lock
                0x0000000010000684       0x18 CMakeFiles/picoPET.dir/Users/dorsic/Development/pico/pico-sdk/src/rp2_common/hardware_claim/claim.c.obj
                0x0000000010000684                hw_claim_lock
 .text.hw_claim_unlock
                0x000000001000069c       0x14 CMakeFiles/picoPET.dir/Users/dorsic/Development/pico/pico-sdk/src/rp2_common/hardware_claim/claim.c.obj
                0x000000001000069c                hw_claim_unlock
 .text.hw_claim_or_assert
                0x00000000100006b0       0x32 CMakeFiles/picoPET.dir/Users/dorsic/Development/pico/pico-sdk/src/rp2_common/hardware_claim/claim.c.obj
                0x00000000100006b0                hw_claim_or_assert
 .text.hw_claim_unused_from_range
                0x00000000100006e2       0x50 CMakeFiles/picoPET.dir/Users/dorsic/Development/pico/pico-sdk/src/rp2_common/hardware_claim/claim.c.obj
                0x00000000100006e2                hw_claim_unused_from_range
 *fill*         0x0000000010000732        0x2 
 .text.running_on_fpga
                0x0000000010000734       0x14 CMakeFiles/picoPET.dir/Users/dorsic/Development/pico/pico-sdk/src/rp2_common/pico_platform/platform.c.obj
                0x0000000010000734                running_on_fpga
 .text.spin_locks_reset
                0x0000000010000748       0x20 CMakeFiles/picoPET.dir/Users/dorsic/Development/pico/pico-sdk/src/rp2_common/hardware_sync/sync.c.obj
                0x0000000010000748                spin_locks_reset
 .text.next_striped_spin_lock_num
                0x0000000010000768       0x1c CMakeFiles/picoPET.dir/Users/dorsic/Development/pico/pico-sdk/src/rp2_common/hardware_sync/sync.c.obj
                0x0000000010000768                next_striped_spin_lock_num
 .text.spin_lock_claim_unused
                0x0000000010000784       0x20 CMakeFiles/picoPET.dir/Users/dorsic/Development/pico/pico-sdk/src/rp2_common/hardware_sync/sync.c.obj
                0x0000000010000784                spin_lock_claim_unused
 .text.alarm_pool_post_alloc_init
                0x00000000100007a4       0x40 CMakeFiles/picoPET.dir/Users/dorsic/Development/pico/pico-sdk/src/common/pico_time/time.c.obj
 .text.sleep_until_callback
                0x00000000100007e4       0x30 CMakeFiles/picoPET.dir/Users/dorsic/Development/pico/pico-sdk/src/common/pico_time/time.c.obj
 .text.timer_pool_entry_comparator
                0x0000000010000814       0x7c CMakeFiles/picoPET.dir/Users/dorsic/Development/pico/pico-sdk/src/common/pico_time/time.c.obj
                0x0000000010000814                timer_pool_entry_comparator
 .text.ph_add_child_node
                0x0000000010000890       0xa4 CMakeFiles/picoPET.dir/Users/dorsic/Development/pico/pico-sdk/src/common/pico_time/time.c.obj
 .text.ph_merge_nodes
                0x0000000010000934       0x3e CMakeFiles/picoPET.dir/Users/dorsic/Development/pico/pico-sdk/src/common/pico_time/time.c.obj
 *fill*         0x0000000010000972        0x2 
 .text.add_alarm_under_lock
                0x0000000010000974      0x174 CMakeFiles/picoPET.dir/Users/dorsic/Development/pico/pico-sdk/src/common/pico_time/time.c.obj
 .text.alarm_pool_alarm_callback
                0x0000000010000ae8      0x328 CMakeFiles/picoPET.dir/Users/dorsic/Development/pico/pico-sdk/src/common/pico_time/time.c.obj
 .text.alarm_pool_init_default
                0x0000000010000e10       0x38 CMakeFiles/picoPET.dir/Users/dorsic/Development/pico/pico-sdk/src/common/pico_time/time.c.obj
                0x0000000010000e10                alarm_pool_init_default
 .text.alarm_pool_get_default
                0x0000000010000e48       0x2c CMakeFiles/picoPET.dir/Users/dorsic/Development/pico/pico-sdk/src/common/pico_time/time.c.obj
                0x0000000010000e48                alarm_pool_get_default
 .text.alarm_pool_add_alarm_at
                0x0000000010000e74      0x170 CMakeFiles/picoPET.dir/Users/dorsic/Development/pico/pico-sdk/src/common/pico_time/time.c.obj
                0x0000000010000e74                alarm_pool_add_alarm_at
 .text.alarm_pool_cancel_alarm
                0x0000000010000fe4       0xec CMakeFiles/picoPET.dir/Users/dorsic/Development/pico/pico-sdk/src/common/pico_time/time.c.obj
                0x0000000010000fe4                alarm_pool_cancel_alarm
 .text.best_effort_wfe_or_timeout
                0x00000000100010d0       0x80 CMakeFiles/picoPET.dir/Users/dorsic/Development/pico/pico-sdk/src/common/pico_time/time.c.obj
                0x00000000100010d0                best_effort_wfe_or_timeout
 .text.hardware_alarm_irq_handler
                0x0000000010001150       0x8c CMakeFiles/picoPET.dir/Users/dorsic/Development/pico/pico-sdk/src/rp2_common/hardware_timer/timer.c.obj
 .text.hardware_alarm_claim
                0x00000000100011dc       0x18 CMakeFiles/picoPET.dir/Users/dorsic/Development/pico/pico-sdk/src/rp2_common/hardware_timer/timer.c.obj
                0x00000000100011dc                hardware_alarm_claim
 .text.time_us_64
                0x00000000100011f4       0x18 CMakeFiles/picoPET.dir/Users/dorsic/Development/pico/pico-sdk/src/rp2_common/hardware_timer/timer.c.obj
                0x00000000100011f4                time_us_64
 .text.hardware_alarm_set_callback
                0x000000001000120c       0x90 CMakeFiles/picoPET.dir/Users/dorsic/Development/pico/pico-sdk/src/rp2_common/hardware_timer/timer.c.obj
                0x000000001000120c                hardware_alarm_set_callback
 .text.hardware_alarm_set_target
                0x000000001000129c       0xe8 CMakeFiles/picoPET.dir/Users/dorsic/Development/pico/pico-sdk/src/rp2_common/hardware_timer/timer.c.obj
                0x000000001000129c                hardware_alarm_set_target
 .text.hardware_alarm_cancel
                0x0000000010001384       0x40 CMakeFiles/picoPET.dir/Users/dorsic/Development/pico/pico-sdk/src/rp2_common/hardware_timer/timer.c.obj
                0x0000000010001384                hardware_alarm_cancel
 .text.lock_init
                0x00000000100013c4       0x10 CMakeFiles/picoPET.dir/Users/dorsic/Development/pico/pico-sdk/src/common/pico_sync/lock_core.c.obj
                0x00000000100013c4                lock_init
 .text.mutex_init_internal
                0x00000000100013d4       0x1e CMakeFiles/picoPET.dir/Users/dorsic/Development/pico/pico-sdk/src/common/pico_sync/mutex.c.obj
 .text.mutex_init
                0x00000000100013f2        0xa CMakeFiles/picoPET.dir/Users/dorsic/Development/pico/pico-sdk/src/common/pico_sync/mutex.c.obj
                0x00000000100013f2                mutex_init
 .text.recursive_mutex_init
                0x00000000100013fc        0xa CMakeFiles/picoPET.dir/Users/dorsic/Development/pico/pico-sdk/src/common/pico_sync/mutex.c.obj
                0x00000000100013fc                recursive_mutex_init
 *fill*         0x0000000010001406        0x2 
 .text.critical_section_init_with_lock_num
                0x0000000010001408       0x14 CMakeFiles/picoPET.dir/Users/dorsic/Development/pico/pico-sdk/src/common/pico_sync/critical_section.c.obj
                0x0000000010001408                critical_section_init_with_lock_num
 .text.critical_section_init
                0x000000001000141c       0x14 CMakeFiles/picoPET.dir/Users/dorsic/Development/pico/pico-sdk/src/common/pico_sync/critical_section.c.obj
                0x000000001000141c                critical_section_init
 .text.ph_add_child_node
                0x0000000010001430       0xa4 CMakeFiles/picoPET.dir/Users/dorsic/Development/pico/pico-sdk/src/common/pico_util/pheap.c.obj
 .text.ph_merge_nodes
                0x00000000100014d4       0x3e CMakeFiles/picoPET.dir/Users/dorsic/Development/pico/pico-sdk/src/common/pico_util/pheap.c.obj
 *fill*         0x0000000010001512        0x2 
 .text.ph_clear
                0x0000000010001514       0x70 CMakeFiles/picoPET.dir/Users/dorsic/Development/pico/pico-sdk/src/common/pico_util/pheap.c.obj
                0x0000000010001514                ph_clear
 .text.ph_post_alloc_init
                0x0000000010001584        0xe CMakeFiles/picoPET.dir/Users/dorsic/Development/pico/pico-sdk/src/common/pico_util/pheap.c.obj
                0x0000000010001584                ph_post_alloc_init
 *fill*         0x0000000010001592        0x2 
 .text.ph_merge_two_pass
                0x0000000010001594       0xa8 CMakeFiles/picoPET.dir/Users/dorsic/Development/pico/pico-sdk/src/common/pico_util/pheap.c.obj
                0x0000000010001594                ph_merge_two_pass
 .text.ph_remove_any_head
                0x000000001000163c      0x108 CMakeFiles/picoPET.dir/Users/dorsic/Development/pico/pico-sdk/src/common/pico_util/pheap.c.obj
 .text.ph_remove_head
                0x0000000010001744       0x14 CMakeFiles/picoPET.dir/Users/dorsic/Development/pico/pico-sdk/src/common/pico_util/pheap.c.obj
                0x0000000010001744                ph_remove_head
 .text.ph_remove_and_free_node
                0x0000000010001758       0xf8 CMakeFiles/picoPET.dir/Users/dorsic/Development/pico/pico-sdk/src/common/pico_util/pheap.c.obj
                0x0000000010001758                ph_remove_and_free_node
 .text.runtime_init
                0x0000000010001850       0xd8 CMakeFiles/picoPET.dir/Users/dorsic/Development/pico/pico-sdk/src/rp2_common/pico_runtime/runtime.c.obj
                0x0000000010001850                runtime_init
 .text._exit    0x0000000010001928        0x4 CMakeFiles/picoPET.dir/Users/dorsic/Development/pico/pico-sdk/src/rp2_common/pico_runtime/runtime.c.obj
                0x0000000010001928                _exit
 .text.exit     0x000000001000192c        0x6 CMakeFiles/picoPET.dir/Users/dorsic/Development/pico/pico-sdk/src/rp2_common/pico_runtime/runtime.c.obj
                0x000000001000192c                exit
 *fill*         0x0000000010001932        0x2 
 .text.__assert_func
                0x0000000010001934       0x3c CMakeFiles/picoPET.dir/Users/dorsic/Development/pico/pico-sdk/src/rp2_common/pico_runtime/runtime.c.obj
                0x0000000010001934                __assert_func
 .text.panic    0x0000000010001970       0x30 CMakeFiles/picoPET.dir/Users/dorsic/Development/pico/pico-sdk/src/rp2_common/pico_runtime/runtime.c.obj
                0x0000000010001970                panic
 .text.clock_configure
                0x00000000100019a0      0x104 CMakeFiles/picoPET.dir/Users/dorsic/Development/pico/pico-sdk/src/rp2_common/hardware_clocks/clocks.c.obj
                0x00000000100019a0                clock_configure
 .text.clocks_init
                0x0000000010001aa4      0x100 CMakeFiles/picoPET.dir/Users/dorsic/Development/pico/pico-sdk/src/rp2_common/hardware_clocks/clocks.c.obj
                0x0000000010001aa4                clocks_init
 .text.clock_get_hz
                0x0000000010001ba4        0xc CMakeFiles/picoPET.dir/Users/dorsic/Development/pico/pico-sdk/src/rp2_common/hardware_clocks/clocks.c.obj
                0x0000000010001ba4                clock_get_hz
 .text.clock_gpio_init
                0x0000000010001bb0       0x4c CMakeFiles/picoPET.dir/Users/dorsic/Development/pico/pico-sdk/src/rp2_common/hardware_clocks/clocks.c.obj
                0x0000000010001bb0                clock_gpio_init
 .text.set_raw_irq_handler_and_unlock
                0x0000000010001bfc       0x28 CMakeFiles/picoPET.dir/Users/dorsic/Development/pico/pico-sdk/src/rp2_common/hardware_irq/irq.c.obj
 .text.make_branch
                0x0000000010001c24       0x34 CMakeFiles/picoPET.dir/Users/dorsic/Development/pico/pico-sdk/src/rp2_common/hardware_irq/irq.c.obj
 .text.insert_branch_and_link
                0x0000000010001c58       0x40 CMakeFiles/picoPET.dir/Users/dorsic/Development/pico/pico-sdk/src/rp2_common/hardware_irq/irq.c.obj
 .text.irq_is_enabled
                0x0000000010001c98       0x18 CMakeFiles/picoPET.dir/Users/dorsic/Development/pico/pico-sdk/src/rp2_common/hardware_irq/irq.c.obj
                0x0000000010001c98                irq_is_enabled
 .text.irq_set_mask_enabled
                0x0000000010001cb0       0x20 CMakeFiles/picoPET.dir/Users/dorsic/Development/pico/pico-sdk/src/rp2_common/hardware_irq/irq.c.obj
                0x0000000010001cb0                irq_set_mask_enabled
 .text.irq_set_enabled
                0x0000000010001cd0        0xe CMakeFiles/picoPET.dir/Users/dorsic/Development/pico/pico-sdk/src/rp2_common/hardware_irq/irq.c.obj
                0x0000000010001cd0                irq_set_enabled
 *fill*         0x0000000010001cde        0x2 
 .text.irq_set_pending
                0x0000000010001ce0       0x10 CMakeFiles/picoPET.dir/Users/dorsic/Development/pico/pico-sdk/src/rp2_common/hardware_irq/irq.c.obj
                0x0000000010001ce0                irq_set_pending
 .text.irq_get_vtable_handler
                0x0000000010001cf0       0x10 CMakeFiles/picoPET.dir/Users/dorsic/Development/pico/pico-sdk/src/rp2_common/hardware_irq/irq.c.obj
                0x0000000010001cf0                irq_get_vtable_handler
 .text.irq_set_exclusive_handler
                0x0000000010001d00       0x54 CMakeFiles/picoPET.dir/Users/dorsic/Development/pico/pico-sdk/src/rp2_common/hardware_irq/irq.c.obj
                0x0000000010001d00                irq_set_exclusive_handler
 .text.irq_remove_handler
                0x0000000010001d54      0x1ac CMakeFiles/picoPET.dir/Users/dorsic/Development/pico/pico-sdk/src/rp2_common/hardware_irq/irq.c.obj
                0x0000000010001d54                irq_remove_handler
 .text.irq_set_priority
                0x0000000010001f00       0x28 CMakeFiles/picoPET.dir/Users/dorsic/Development/pico/pico-sdk/src/rp2_common/hardware_irq/irq.c.obj
                0x0000000010001f00                irq_set_priority
 .text.irq_add_tail_to_free_list
                0x0000000010001f28       0xf0 CMakeFiles/picoPET.dir/Users/dorsic/Development/pico/pico-sdk/src/rp2_common/hardware_irq/irq.c.obj
                0x0000000010001f28                irq_add_tail_to_free_list
 .text.irq_init_priorities
                0x0000000010002018       0x16 CMakeFiles/picoPET.dir/Users/dorsic/Development/pico/pico-sdk/src/rp2_common/hardware_irq/irq.c.obj
                0x0000000010002018                irq_init_priorities
 *fill*         0x000000001000202e        0x2 
 .text.pll_init
                0x0000000010002030      0x118 CMakeFiles/picoPET.dir/Users/dorsic/Development/pico/pico-sdk/src/rp2_common/hardware_pll/pll.c.obj
                0x0000000010002030                pll_init
 .text.vreg_set_voltage
                0x0000000010002148       0x1c CMakeFiles/picoPET.dir/Users/dorsic/Development/pico/pico-sdk/src/rp2_common/hardware_vreg/vreg.c.obj
                0x0000000010002148                vreg_set_voltage
 .text.watchdog_start_tick
                0x0000000010002164       0x10 CMakeFiles/picoPET.dir/Users/dorsic/Development/pico/pico-sdk/src/rp2_common/hardware_watchdog/watchdog.c.obj
                0x0000000010002164                watchdog_start_tick
 .text.watchdog_update
                0x0000000010002174       0x14 CMakeFiles/picoPET.dir/Users/dorsic/Development/pico/pico-sdk/src/rp2_common/hardware_watchdog/watchdog.c.obj
                0x0000000010002174                watchdog_update
 .text._watchdog_enable
                0x0000000010002188       0x70 CMakeFiles/picoPET.dir/Users/dorsic/Development/pico/pico-sdk/src/rp2_common/hardware_watchdog/watchdog.c.obj
                0x0000000010002188                _watchdog_enable
 .text.watchdog_reboot
                0x00000000100021f8       0x48 CMakeFiles/picoPET.dir/Users/dorsic/Development/pico/pico-sdk/src/rp2_common/hardware_watchdog/watchdog.c.obj
                0x00000000100021f8                watchdog_reboot
 .text.xosc_init
                0x0000000010002240       0x28 CMakeFiles/picoPET.dir/Users/dorsic/Development/pico/pico-sdk/src/rp2_common/hardware_xosc/xosc.c.obj
                0x0000000010002240                xosc_init
 .text._out_null
                0x0000000010002268        0x2 CMakeFiles/picoPET.dir/Users/dorsic/Development/pico/pico-sdk/src/rp2_common/pico_printf/printf.c.obj
 .text._out_fct
                0x000000001000226a        0xe CMakeFiles/picoPET.dir/Users/dorsic/Development/pico/pico-sdk/src/rp2_common/pico_printf/printf.c.obj
 .text._atoi    0x0000000010002278       0x24 CMakeFiles/picoPET.dir/Users/dorsic/Development/pico/pico-sdk/src/rp2_common/pico_printf/printf.c.obj
 .text._out_rev
                0x000000001000229c       0xae CMakeFiles/picoPET.dir/Users/dorsic/Development/pico/pico-sdk/src/rp2_common/pico_printf/printf.c.obj
 .text._ntoa_format
                0x000000001000234a      0x112 CMakeFiles/picoPET.dir/Users/dorsic/Development/pico/pico-sdk/src/rp2_common/pico_printf/printf.c.obj
 .text._ntoa_long
                0x000000001000245c       0xbc CMakeFiles/picoPET.dir/Users/dorsic/Development/pico/pico-sdk/src/rp2_common/pico_printf/printf.c.obj
 .text._ntoa_long_long
                0x0000000010002518       0xe2 CMakeFiles/picoPET.dir/Users/dorsic/Development/pico/pico-sdk/src/rp2_common/pico_printf/printf.c.obj
 *fill*         0x00000000100025fa        0x2 
 .text._etoa    0x00000000100025fc      0x414 CMakeFiles/picoPET.dir/Users/dorsic/Development/pico/pico-sdk/src/rp2_common/pico_printf/printf.c.obj
 .text._ftoa    0x0000000010002a10      0x354 CMakeFiles/picoPET.dir/Users/dorsic/Development/pico/pico-sdk/src/rp2_common/pico_printf/printf.c.obj
 .text._vsnprintf
                0x0000000010002d64      0x624 CMakeFiles/picoPET.dir/Users/dorsic/Development/pico/pico-sdk/src/rp2_common/pico_printf/printf.c.obj
 .text.vfctprintf
                0x0000000010003388       0x20 CMakeFiles/picoPET.dir/Users/dorsic/Development/pico/pico-sdk/src/rp2_common/pico_printf/printf.c.obj
                0x0000000010003388                vfctprintf
 .text          0x00000000100033a8       0x10 CMakeFiles/picoPET.dir/Users/dorsic/Development/pico/pico-sdk/src/rp2_common/pico_bit_ops/bit_ops_aeabi.S.obj
 .text.rom_func_lookup
                0x00000000100033b8       0x10 CMakeFiles/picoPET.dir/Users/dorsic/Development/pico/pico-sdk/src/rp2_common/pico_bootrom/bootrom.c.obj
                0x00000000100033b8                rom_func_lookup
 .text.rom_data_lookup
                0x00000000100033c8       0x10 CMakeFiles/picoPET.dir/Users/dorsic/Development/pico/pico-sdk/src/rp2_common/pico_bootrom/bootrom.c.obj
                0x00000000100033c8                rom_data_lookup
 .text.rom_funcs_lookup
                0x00000000100033d8       0x36 CMakeFiles/picoPET.dir/Users/dorsic/Development/pico/pico-sdk/src/rp2_common/pico_bootrom/bootrom.c.obj
                0x00000000100033d8                rom_funcs_lookup
 *fill*         0x000000001000340e        0x2 
 .text.__wrap___aeabi_idiv
                0x0000000010003410       0x50 CMakeFiles/picoPET.dir/Users/dorsic/Development/pico/pico-sdk/src/rp2_common/pico_divider/divider.S.obj
                0x0000000010003410                __wrap___aeabi_idivmod
                0x0000000010003410                divmod_s32s32
                0x0000000010003410                div_s32s32
                0x0000000010003410                __wrap___aeabi_idiv
                0x0000000010003418                divmod_s32s32_unsafe
                0x0000000010003444                divmod_s32s32_savestate
 .text.__wrap___aeabi_uidiv
                0x0000000010003460       0x4c CMakeFiles/picoPET.dir/Users/dorsic/Development/pico/pico-sdk/src/rp2_common/pico_divider/divider.S.obj
                0x0000000010003460                __wrap___aeabi_uidiv
                0x0000000010003460                __wrap___aeabi_uidivmod
                0x0000000010003460                div_u32u32
                0x0000000010003460                divmod_u32u32
                0x0000000010003468                divmod_u32u32_unsafe
                0x0000000010003490                divmod_u32u32_savestate
 .text.__wrap___aeabi_ldiv
                0x00000000100034ac      0x430 CMakeFiles/picoPET.dir/Users/dorsic/Development/pico/pico-sdk/src/rp2_common/pico_divider/divider.S.obj
                0x00000000100034ac                __wrap___aeabi_ldivmod
                0x00000000100034ac                div_s64s64
                0x00000000100034ac                divmod_s64s64
                0x00000000100034e4                divmod_u64u64
                0x00000000100034e4                div_u64u64
                0x00000000100034e4                __wrap___aeabi_uldivmod
                0x00000000100034f4                divmod_u64u64_savestate
                0x000000001000351c                divmod_s64s64_unsafe
                0x00000000100035a4                divmod_u64u64_unsafe
 .text.__wrap___aeabi_darithmetic
                0x00000000100038dc       0x80 CMakeFiles/picoPET.dir/Users/dorsic/Development/pico/pico-sdk/src/rp2_common/pico_double/double_aeabi.S.obj
                0x00000000100038dc                __wrap___aeabi_drsub
                0x00000000100038e2                __wrap___aeabi_dsub
                0x00000000100038f4                __wrap___aeabi_dadd
                0x0000000010003906                __wrap___aeabi_ddiv
                0x0000000010003942                __wrap___aeabi_dmul
 .text.__wrap___aeabi_cdcmple
                0x000000001000395c       0x6c CMakeFiles/picoPET.dir/Users/dorsic/Development/pico/pico-sdk/src/rp2_common/pico_double/double_aeabi.S.obj
                0x000000001000395c                __wrap___aeabi_cdrcmple
                0x000000001000396c                __wrap___aeabi_cdcmple
                0x000000001000396c                __wrap___aeabi_cdcmpeq
 .text.__wrap___aeabi_dcmplt
                0x00000000100039c8        0xc CMakeFiles/picoPET.dir/Users/dorsic/Development/pico/pico-sdk/src/rp2_common/pico_double/double_aeabi.S.obj
                0x00000000100039c8                __wrap___aeabi_dcmplt
 .text.__wrap___aeabi_dcmple
                0x00000000100039d4       0x10 CMakeFiles/picoPET.dir/Users/dorsic/Development/pico/pico-sdk/src/rp2_common/pico_double/double_aeabi.S.obj
                0x00000000100039d4                __wrap___aeabi_dcmple
 .text.__wrap___aeabi_dcmpge
                0x00000000100039e4       0x10 CMakeFiles/picoPET.dir/Users/dorsic/Development/pico/pico-sdk/src/rp2_common/pico_double/double_aeabi.S.obj
                0x00000000100039e4                __wrap___aeabi_dcmpge
 .text.__wrap___aeabi_dcmpgt
                0x00000000100039f4        0xa CMakeFiles/picoPET.dir/Users/dorsic/Development/pico/pico-sdk/src/rp2_common/pico_double/double_aeabi.S.obj
                0x00000000100039f4                __wrap___aeabi_dcmpgt
 .text.__wrap___aeabi_dcmpun
                0x00000000100039fe       0x1c CMakeFiles/picoPET.dir/Users/dorsic/Development/pico/pico-sdk/src/rp2_common/pico_double/double_aeabi.S.obj
                0x00000000100039fe                __wrap___aeabi_dcmpun
 *fill*         0x0000000010003a1a        0x2 
 .text.__wrap___aeabi_i2d
                0x0000000010003a1c       0x38 CMakeFiles/picoPET.dir/Users/dorsic/Development/pico/pico-sdk/src/rp2_common/pico_double/double_aeabi.S.obj
                0x0000000010003a1c                __wrap___aeabi_ui2d
                0x0000000010003a24                __wrap___aeabi_i2d
 .text.__wrap___aeabi_d2iz
                0x0000000010003a54       0x48 CMakeFiles/picoPET.dir/Users/dorsic/Development/pico/pico-sdk/src/rp2_common/pico_double/double_aeabi.S.obj
                0x0000000010003a54                __wrap___aeabi_d2iz
                0x0000000010003a54                double2int_z
 .text.__wrap___aeabi_d2uiz
                0x0000000010003a9c       0x18 CMakeFiles/picoPET.dir/Users/dorsic/Development/pico/pico-sdk/src/rp2_common/pico_double/double_aeabi.S.obj
                0x0000000010003a9c                double2uint
                0x0000000010003a9c                __wrap___aeabi_d2uiz
 .text.__aeabi_double_init
                0x0000000010003ab4       0xb8 CMakeFiles/picoPET.dir/Users/dorsic/Development/pico/pico-sdk/src/rp2_common/pico_double/double_init_rom.c.obj
                0x0000000010003ab4                __aeabi_double_init
 .text.double_table_shim_on_use_helper
                0x0000000010003b6c       0x34 CMakeFiles/picoPET.dir/Users/dorsic/Development/pico/pico-sdk/src/rp2_common/pico_double/double_v1_rom_shim.S.obj
                0x0000000010003b6c                double_table_shim_on_use_helper
 .text.__wrap___aeabi_dsub
                0x0000000010003ba0       0x10 CMakeFiles/picoPET.dir/Users/dorsic/Development/pico/pico-sdk/src/rp2_common/pico_double/double_v1_rom_shim.S.obj
                0x0000000010003ba0                drsub_shim
                0x0000000010003ba6                dsub_shim
 .text.dadd_shim
                0x0000000010003bb0      0x15c CMakeFiles/picoPET.dir/Users/dorsic/Development/pico/pico-sdk/src/rp2_common/pico_double/double_v1_rom_shim.S.obj
                0x0000000010003bb0                dadd_shim
 .text.dmul_shim
                0x0000000010003d0c      0x15c CMakeFiles/picoPET.dir/Users/dorsic/Development/pico/pico-sdk/src/rp2_common/pico_double/double_v1_rom_shim.S.obj
                0x0000000010003d0c                dmul_shim
 .text.ddiv_shim
                0x0000000010003e68      0x1b0 CMakeFiles/picoPET.dir/Users/dorsic/Development/pico/pico-sdk/src/rp2_common/pico_double/double_v1_rom_shim.S.obj
                0x0000000010003e68                ddiv_shim
 .text.dcordic_rot_step
                0x0000000010004018       0x7c CMakeFiles/picoPET.dir/Users/dorsic/Development/pico/pico-sdk/src/rp2_common/pico_double/double_v1_rom_shim.S.obj
                0x0000000010004018                dcordic_rot_step
 .text.double2uint_shim
                0x0000000010004094        0xe CMakeFiles/picoPET.dir/Users/dorsic/Development/pico/pico-sdk/src/rp2_common/pico_double/double_v1_rom_shim.S.obj
                0x0000000010004094                double2uint_shim
                0x0000000010004096                double2ufix_shim
 *fill*         0x00000000100040a2        0x2 
 .text.double2uint64_shim
                0x00000000100040a4       0x6c CMakeFiles/picoPET.dir/Users/dorsic/Development/pico/pico-sdk/src/rp2_common/pico_double/double_v1_rom_shim.S.obj
                0x00000000100040a4                double2uint64_shim
                0x00000000100040a6                double2ufix64_shim
                0x00000000100040c0                d2fix_a
 .text.dunpacks
                0x0000000010004110       0x3c CMakeFiles/picoPET.dir/Users/dorsic/Development/pico/pico-sdk/src/rp2_common/pico_double/double_v1_rom_shim.S.obj
                0x0000000010004110                dunpacks
 .text.__aeabi_lmul
                0x000000001000414c       0x32 CMakeFiles/picoPET.dir/Users/dorsic/Development/pico/pico-sdk/src/rp2_common/pico_int64_ops/pico_int64_ops_aeabi.S.obj
                0x000000001000414c                __wrap___aeabi_lmul
 *fill*         0x000000001000417e        0x2 
 .text.__aeabi_float_init
                0x0000000010004180       0xfc CMakeFiles/picoPET.dir/Users/dorsic/Development/pico/pico-sdk/src/rp2_common/pico_float/float_init_rom.c.obj
                0x0000000010004180                __aeabi_float_init
 .text.float_table_shim_on_use_helper
                0x000000001000427c       0x34 CMakeFiles/picoPET.dir/Users/dorsic/Development/pico/pico-sdk/src/rp2_common/pico_float/float_v1_rom_shim.S.obj
                0x000000001000427c                float_table_shim_on_use_helper
 .text          0x00000000100042b0       0x10 CMakeFiles/picoPET.dir/Users/dorsic/Development/pico/pico-sdk/src/rp2_common/pico_mem_ops/mem_ops_aeabi.S.obj
                0x00000000100042b0                __aeabi_mem_init
 .text.memset   0x00000000100042c0        0xc CMakeFiles/picoPET.dir/Users/dorsic/Development/pico/pico-sdk/src/rp2_common/pico_mem_ops/mem_ops_aeabi.S.obj
                0x00000000100042c0                __wrap_memset
 .text.memcpy   0x00000000100042cc        0xc CMakeFiles/picoPET.dir/Users/dorsic/Development/pico/pico-sdk/src/rp2_common/pico_mem_ops/mem_ops_aeabi.S.obj
                0x00000000100042cc                __wrap___aeabi_memcpy
                0x00000000100042cc                __wrap_memcpy
 .text.stdio_out_chars_crlf
                0x00000000100042d8       0x80 CMakeFiles/picoPET.dir/Users/dorsic/Development/pico/pico-sdk/src/rp2_common/pico_stdio/stdio.c.obj
 .text.stdio_stack_buffer_flush
                0x0000000010004358       0x44 CMakeFiles/picoPET.dir/Users/dorsic/Development/pico/pico-sdk/src/rp2_common/pico_stdio/stdio.c.obj
 .text.stdio_buffered_printer
                0x000000001000439c       0x20 CMakeFiles/picoPET.dir/Users/dorsic/Development/pico/pico-sdk/src/rp2_common/pico_stdio/stdio.c.obj
 .text.stdout_serialize_begin
                0x00000000100043bc       0x30 CMakeFiles/picoPET.dir/Users/dorsic/Development/pico/pico-sdk/src/rp2_common/pico_stdio/stdio.c.obj
                0x00000000100043bc                stdout_serialize_begin
 .text.stdout_serialize_end
                0x00000000100043ec       0x10 CMakeFiles/picoPET.dir/Users/dorsic/Development/pico/pico-sdk/src/rp2_common/pico_stdio/stdio.c.obj
                0x00000000100043ec                stdout_serialize_end
 .text.stdio_put_string
                0x00000000100043fc       0x84 CMakeFiles/picoPET.dir/Users/dorsic/Development/pico/pico-sdk/src/rp2_common/pico_stdio/stdio.c.obj
 .text.stdio_set_driver_enabled
                0x0000000010004480       0x38 CMakeFiles/picoPET.dir/Users/dorsic/Development/pico/pico-sdk/src/rp2_common/pico_stdio/stdio.c.obj
                0x0000000010004480                stdio_set_driver_enabled
 .text.stdio_flush
                0x00000000100044b8       0x20 CMakeFiles/picoPET.dir/Users/dorsic/Development/pico/pico-sdk/src/rp2_common/pico_stdio/stdio.c.obj
                0x00000000100044b8                stdio_flush
 .text.__wrap_puts
                0x00000000100044d8       0x1c CMakeFiles/picoPET.dir/Users/dorsic/Development/pico/pico-sdk/src/rp2_common/pico_stdio/stdio.c.obj
                0x00000000100044d8                __wrap_puts
 .text.__wrap_vprintf
                0x00000000100044f4       0x44 CMakeFiles/picoPET.dir/Users/dorsic/Development/pico/pico-sdk/src/rp2_common/pico_stdio/stdio.c.obj
                0x00000000100044f4                __wrap_vprintf
 .text.__wrap_printf
                0x0000000010004538       0x18 CMakeFiles/picoPET.dir/Users/dorsic/Development/pico/pico-sdk/src/rp2_common/pico_stdio/stdio.c.obj
                0x0000000010004538                __wrap_printf
 .text.stdio_init_all
                0x0000000010004550        0x8 CMakeFiles/picoPET.dir/Users/dorsic/Development/pico/pico-sdk/src/rp2_common/pico_stdio/stdio.c.obj
                0x0000000010004550                stdio_init_all
 .text.resetd_init
                0x0000000010004558        0x2 CMakeFiles/picoPET.dir/Users/dorsic/Development/pico/pico-sdk/src/rp2_common/pico_stdio_usb/reset_interface.c.obj
 *fill*         0x000000001000455a        0x2 
 .text.resetd_reset
                0x000000001000455c        0xc CMakeFiles/picoPET.dir/Users/dorsic/Development/pico/pico-sdk/src/rp2_common/pico_stdio_usb/reset_interface.c.obj
 .text.resetd_open
                0x0000000010004568       0x34 CMakeFiles/picoPET.dir/Users/dorsic/Development/pico/pico-sdk/src/rp2_common/pico_stdio_usb/reset_interface.c.obj
 .text.resetd_xfer_cb
                0x000000001000459c        0x4 CMakeFiles/picoPET.dir/Users/dorsic/Development/pico/pico-sdk/src/rp2_common/pico_stdio_usb/reset_interface.c.obj
 .text.reset_usb_boot
                0x00000000100045a0       0x18 CMakeFiles/picoPET.dir/Users/dorsic/Development/pico/pico-sdk/src/rp2_common/pico_stdio_usb/reset_interface.c.obj
 .text.resetd_control_xfer_cb
                0x00000000100045b8       0x5c CMakeFiles/picoPET.dir/Users/dorsic/Development/pico/pico-sdk/src/rp2_common/pico_stdio_usb/reset_interface.c.obj
 .text.usbd_app_driver_get_cb
                0x0000000010004614        0xc CMakeFiles/picoPET.dir/Users/dorsic/Development/pico/pico-sdk/src/rp2_common/pico_stdio_usb/reset_interface.c.obj
                0x0000000010004614                usbd_app_driver_get_cb
 .text.tud_cdc_line_coding_cb
                0x0000000010004620       0x28 CMakeFiles/picoPET.dir/Users/dorsic/Development/pico/pico-sdk/src/rp2_common/pico_stdio_usb/reset_interface.c.obj
                0x0000000010004620                tud_cdc_line_coding_cb
 .text.stdio_usb_in_chars
                0x0000000010004648       0x70 CMakeFiles/picoPET.dir/Users/dorsic/Development/pico/pico-sdk/src/rp2_common/pico_stdio_usb/stdio_usb.c.obj
                0x0000000010004648                stdio_usb_in_chars
 .text.low_priority_worker_irq
                0x00000000100046b8       0x20 CMakeFiles/picoPET.dir/Users/dorsic/Development/pico/pico-sdk/src/rp2_common/pico_stdio_usb/stdio_usb.c.obj
 .text.stdio_usb_out_chars
                0x00000000100046d8       0xd4 CMakeFiles/picoPET.dir/Users/dorsic/Development/pico/pico-sdk/src/rp2_common/pico_stdio_usb/stdio_usb.c.obj
 .text.timer_task
                0x00000000100047ac       0x10 CMakeFiles/picoPET.dir/Users/dorsic/Development/pico/pico-sdk/src/rp2_common/pico_stdio_usb/stdio_usb.c.obj
 .text.stdio_usb_init
                0x00000000100047bc       0xb8 CMakeFiles/picoPET.dir/Users/dorsic/Development/pico/pico-sdk/src/rp2_common/pico_stdio_usb/stdio_usb.c.obj
                0x00000000100047bc                stdio_usb_init
 .text.tud_descriptor_device_cb
                0x0000000010004874        0x8 CMakeFiles/picoPET.dir/Users/dorsic/Development/pico/pico-sdk/src/rp2_common/pico_stdio_usb/stdio_usb_descriptors.c.obj
                0x0000000010004874                tud_descriptor_device_cb
 .text.tud_descriptor_configuration_cb
                0x000000001000487c        0x8 CMakeFiles/picoPET.dir/Users/dorsic/Development/pico/pico-sdk/src/rp2_common/pico_stdio_usb/stdio_usb_descriptors.c.obj
                0x000000001000487c                tud_descriptor_configuration_cb
 .text.tud_descriptor_string_cb
                0x0000000010004884       0x68 CMakeFiles/picoPET.dir/Users/dorsic/Development/pico/pico-sdk/src/rp2_common/pico_stdio_usb/stdio_usb_descriptors.c.obj
                0x0000000010004884                tud_descriptor_string_cb
 .text.hw_endpoint_get_by_addr
                0x00000000100048ec       0x18 CMakeFiles/picoPET.dir/Users/dorsic/Development/pico/pico-sdk/lib/tinyusb/src/portable/raspberrypi/rp2040/dcd_rp2040.c.obj
 .text.reset_ep0
                0x0000000010004904       0x2c CMakeFiles/picoPET.dir/Users/dorsic/Development/pico/pico-sdk/lib/tinyusb/src/portable/raspberrypi/rp2040/dcd_rp2040.c.obj
 .text._hw_endpoint_alloc
                0x0000000010004930       0x80 CMakeFiles/picoPET.dir/Users/dorsic/Development/pico/pico-sdk/lib/tinyusb/src/portable/raspberrypi/rp2040/dcd_rp2040.c.obj
 .text._hw_endpoint_init
                0x00000000100049b0       0xbc CMakeFiles/picoPET.dir/Users/dorsic/Development/pico/pico-sdk/lib/tinyusb/src/portable/raspberrypi/rp2040/dcd_rp2040.c.obj
 .text.hw_endpoint_init
                0x0000000010004a6c       0x18 CMakeFiles/picoPET.dir/Users/dorsic/Development/pico/pico-sdk/lib/tinyusb/src/portable/raspberrypi/rp2040/dcd_rp2040.c.obj
 .text.hw_handle_buff_status
                0x0000000010004a84       0xb4 CMakeFiles/picoPET.dir/Users/dorsic/Development/pico/pico-sdk/lib/tinyusb/src/portable/raspberrypi/rp2040/dcd_rp2040.c.obj
 .text.dcd_rp2040_irq
                0x0000000010004b38       0xa8 CMakeFiles/picoPET.dir/Users/dorsic/Development/pico/pico-sdk/lib/tinyusb/src/portable/raspberrypi/rp2040/dcd_rp2040.c.obj
 .text.hw_endpoint_xfer
                0x0000000010004be0       0x18 CMakeFiles/picoPET.dir/Users/dorsic/Development/pico/pico-sdk/lib/tinyusb/src/portable/raspberrypi/rp2040/dcd_rp2040.c.obj
 .text.ep0_0len_status
                0x0000000010004bf8       0x14 CMakeFiles/picoPET.dir/Users/dorsic/Development/pico/pico-sdk/lib/tinyusb/src/portable/raspberrypi/rp2040/dcd_rp2040.c.obj
 .text._hw_endpoint_stall
                0x0000000010004c0c       0x54 CMakeFiles/picoPET.dir/Users/dorsic/Development/pico/pico-sdk/lib/tinyusb/src/portable/raspberrypi/rp2040/dcd_rp2040.c.obj
 .text.hw_endpoint_stall
                0x0000000010004c60        0xc CMakeFiles/picoPET.dir/Users/dorsic/Development/pico/pico-sdk/lib/tinyusb/src/portable/raspberrypi/rp2040/dcd_rp2040.c.obj
 .text._hw_endpoint_clear_stall
                0x0000000010004c6c       0x34 CMakeFiles/picoPET.dir/Users/dorsic/Development/pico/pico-sdk/lib/tinyusb/src/portable/raspberrypi/rp2040/dcd_rp2040.c.obj
 .text.hw_endpoint_clear_stall
                0x0000000010004ca0        0xc CMakeFiles/picoPET.dir/Users/dorsic/Development/pico/pico-sdk/lib/tinyusb/src/portable/raspberrypi/rp2040/dcd_rp2040.c.obj
 .text.dcd_int_enable
                0x0000000010004cac       0x2c CMakeFiles/picoPET.dir/Users/dorsic/Development/pico/pico-sdk/lib/tinyusb/src/portable/raspberrypi/rp2040/dcd_rp2040.c.obj
                0x0000000010004cac                dcd_int_enable
 .text.dcd_set_address
                0x0000000010004cd8       0x28 CMakeFiles/picoPET.dir/Users/dorsic/Development/pico/pico-sdk/lib/tinyusb/src/portable/raspberrypi/rp2040/dcd_rp2040.c.obj
                0x0000000010004cd8                dcd_set_address
 .text.dcd_connect
                0x0000000010004d00       0x30 CMakeFiles/picoPET.dir/Users/dorsic/Development/pico/pico-sdk/lib/tinyusb/src/portable/raspberrypi/rp2040/dcd_rp2040.c.obj
                0x0000000010004d00                dcd_connect
 .text.dcd_init
                0x0000000010004d30       0x84 CMakeFiles/picoPET.dir/Users/dorsic/Development/pico/pico-sdk/lib/tinyusb/src/portable/raspberrypi/rp2040/dcd_rp2040.c.obj
                0x0000000010004d30                dcd_init
 .text.dcd_edpt0_status_complete
                0x0000000010004db4       0x40 CMakeFiles/picoPET.dir/Users/dorsic/Development/pico/pico-sdk/lib/tinyusb/src/portable/raspberrypi/rp2040/dcd_rp2040.c.obj
                0x0000000010004db4                dcd_edpt0_status_complete
 .text.dcd_edpt_open
                0x0000000010004df4       0x40 CMakeFiles/picoPET.dir/Users/dorsic/Development/pico/pico-sdk/lib/tinyusb/src/portable/raspberrypi/rp2040/dcd_rp2040.c.obj
                0x0000000010004df4                dcd_edpt_open
 .text.dcd_edpt_xfer
                0x0000000010004e34       0x34 CMakeFiles/picoPET.dir/Users/dorsic/Development/pico/pico-sdk/lib/tinyusb/src/portable/raspberrypi/rp2040/dcd_rp2040.c.obj
                0x0000000010004e34                dcd_edpt_xfer
 .text.dcd_edpt_stall
                0x0000000010004e68       0x28 CMakeFiles/picoPET.dir/Users/dorsic/Development/pico/pico-sdk/lib/tinyusb/src/portable/raspberrypi/rp2040/dcd_rp2040.c.obj
                0x0000000010004e68                dcd_edpt_stall
 .text.dcd_edpt_clear_stall
                0x0000000010004e90       0x2c CMakeFiles/picoPET.dir/Users/dorsic/Development/pico/pico-sdk/lib/tinyusb/src/portable/raspberrypi/rp2040/dcd_rp2040.c.obj
                0x0000000010004e90                dcd_edpt_clear_stall
 .text.rp2040_usb_init
                0x0000000010004ebc       0x50 CMakeFiles/picoPET.dir/Users/dorsic/Development/pico/pico-sdk/lib/tinyusb/src/portable/raspberrypi/rp2040/rp2040_usb.c.obj
                0x0000000010004ebc                rp2040_usb_init
 .text.hw_endpoint_reset_transfer
                0x0000000010004f0c       0x10 CMakeFiles/picoPET.dir/Users/dorsic/Development/pico/pico-sdk/lib/tinyusb/src/portable/raspberrypi/rp2040/rp2040_usb.c.obj
                0x0000000010004f0c                hw_endpoint_reset_transfer
 .text._hw_endpoint_buffer_control_update32
                0x0000000010004f1c       0x58 CMakeFiles/picoPET.dir/Users/dorsic/Development/pico/pico-sdk/lib/tinyusb/src/portable/raspberrypi/rp2040/rp2040_usb.c.obj
                0x0000000010004f1c                _hw_endpoint_buffer_control_update32
 .text._hw_endpoint_start_next_buffer
                0x0000000010004f74       0x50 CMakeFiles/picoPET.dir/Users/dorsic/Development/pico/pico-sdk/lib/tinyusb/src/portable/raspberrypi/rp2040/rp2040_usb.c.obj
                0x0000000010004f74                _hw_endpoint_start_next_buffer
 .text._hw_endpoint_xfer_start
                0x0000000010004fc4       0x3e CMakeFiles/picoPET.dir/Users/dorsic/Development/pico/pico-sdk/lib/tinyusb/src/portable/raspberrypi/rp2040/rp2040_usb.c.obj
                0x0000000010004fc4                _hw_endpoint_xfer_start
 *fill*         0x0000000010005002        0x2 
 .text._hw_endpoint_xfer_sync
                0x0000000010005004       0x74 CMakeFiles/picoPET.dir/Users/dorsic/Development/pico/pico-sdk/lib/tinyusb/src/portable/raspberrypi/rp2040/rp2040_usb.c.obj
                0x0000000010005004                _hw_endpoint_xfer_sync
 .text._hw_endpoint_xfer_continue
                0x0000000010005078       0x60 CMakeFiles/picoPET.dir/Users/dorsic/Development/pico/pico-sdk/lib/tinyusb/src/portable/raspberrypi/rp2040/rp2040_usb.c.obj
                0x0000000010005078                _hw_endpoint_xfer_continue
 .text._hw_endpoint_xfer
                0x00000000100050d8       0x34 CMakeFiles/picoPET.dir/Users/dorsic/Development/pico/pico-sdk/lib/tinyusb/src/portable/raspberrypi/rp2040/rp2040_usb.c.obj
                0x00000000100050d8                _hw_endpoint_xfer
 .text.mark_interface_endpoint
                0x000000001000510c       0x2a CMakeFiles/picoPET.dir/Users/dorsic/Development/pico/pico-sdk/lib/tinyusb/src/device/usbd.c.obj
 *fill*         0x0000000010005136        0x2 
 .text.usbd_reset
                0x0000000010005138       0x88 CMakeFiles/picoPET.dir/Users/dorsic/Development/pico/pico-sdk/lib/tinyusb/src/device/usbd.c.obj
 .text.invoke_class_control
                0x00000000100051c0       0x1a CMakeFiles/picoPET.dir/Users/dorsic/Development/pico/pico-sdk/lib/tinyusb/src/device/usbd.c.obj
 *fill*         0x00000000100051da        0x2 
 .text.process_set_config
                0x00000000100051dc      0x1d4 CMakeFiles/picoPET.dir/Users/dorsic/Development/pico/pico-sdk/lib/tinyusb/src/device/usbd.c.obj
 .text.process_get_descriptor
                0x00000000100053b0       0xf8 CMakeFiles/picoPET.dir/Users/dorsic/Development/pico/pico-sdk/lib/tinyusb/src/device/usbd.c.obj
 .text.tud_mounted
                0x00000000100054a8       0x10 CMakeFiles/picoPET.dir/Users/dorsic/Development/pico/pico-sdk/lib/tinyusb/src/device/usbd.c.obj
                0x00000000100054a8                tud_mounted
 .text.tud_suspended
                0x00000000100054b8       0x10 CMakeFiles/picoPET.dir/Users/dorsic/Development/pico/pico-sdk/lib/tinyusb/src/device/usbd.c.obj
                0x00000000100054b8                tud_suspended
 .text.tud_inited
                0x00000000100054c8        0xc CMakeFiles/picoPET.dir/Users/dorsic/Development/pico/pico-sdk/lib/tinyusb/src/device/usbd.c.obj
                0x00000000100054c8                tud_inited
 .text.tud_init
                0x00000000100054d4       0xcc CMakeFiles/picoPET.dir/Users/dorsic/Development/pico/pico-sdk/lib/tinyusb/src/device/usbd.c.obj
                0x00000000100054d4                tud_init
 .text.dcd_event_handler
                0x00000000100055a0      0x174 CMakeFiles/picoPET.dir/Users/dorsic/Development/pico/pico-sdk/lib/tinyusb/src/device/usbd.c.obj
                0x00000000100055a0                dcd_event_handler
 .text.dcd_event_bus_signal
                0x0000000010005714       0x26 CMakeFiles/picoPET.dir/Users/dorsic/Development/pico/pico-sdk/lib/tinyusb/src/device/usbd.c.obj
                0x0000000010005714                dcd_event_bus_signal
 .text.dcd_event_bus_reset
                0x000000001000573a       0x2a CMakeFiles/picoPET.dir/Users/dorsic/Development/pico/pico-sdk/lib/tinyusb/src/device/usbd.c.obj
                0x000000001000573a                dcd_event_bus_reset
 .text.dcd_event_setup_received
                0x0000000010005764       0x34 CMakeFiles/picoPET.dir/Users/dorsic/Development/pico/pico-sdk/lib/tinyusb/src/device/usbd.c.obj
                0x0000000010005764                dcd_event_setup_received
 .text.dcd_event_xfer_complete
                0x0000000010005798       0x44 CMakeFiles/picoPET.dir/Users/dorsic/Development/pico/pico-sdk/lib/tinyusb/src/device/usbd.c.obj
                0x0000000010005798                dcd_event_xfer_complete
 .text.usbd_edpt_open
                0x00000000100057dc       0xe0 CMakeFiles/picoPET.dir/Users/dorsic/Development/pico/pico-sdk/lib/tinyusb/src/device/usbd.c.obj
                0x00000000100057dc                usbd_edpt_open
 .text.usbd_open_edpt_pair
                0x00000000100058bc       0x8c CMakeFiles/picoPET.dir/Users/dorsic/Development/pico/pico-sdk/lib/tinyusb/src/device/usbd.c.obj
                0x00000000100058bc                usbd_open_edpt_pair
 .text.usbd_edpt_claim
                0x0000000010005948       0x8c CMakeFiles/picoPET.dir/Users/dorsic/Development/pico/pico-sdk/lib/tinyusb/src/device/usbd.c.obj
                0x0000000010005948                usbd_edpt_claim
 .text.usbd_edpt_release
                0x00000000100059d4       0x68 CMakeFiles/picoPET.dir/Users/dorsic/Development/pico/pico-sdk/lib/tinyusb/src/device/usbd.c.obj
                0x00000000100059d4                usbd_edpt_release
 .text.usbd_edpt_xfer
                0x0000000010005a3c       0x80 CMakeFiles/picoPET.dir/Users/dorsic/Development/pico/pico-sdk/lib/tinyusb/src/device/usbd.c.obj
                0x0000000010005a3c                usbd_edpt_xfer
 .text.usbd_edpt_stall
                0x0000000010005abc       0x2c CMakeFiles/picoPET.dir/Users/dorsic/Development/pico/pico-sdk/lib/tinyusb/src/device/usbd.c.obj
                0x0000000010005abc                usbd_edpt_stall
 .text.usbd_edpt_clear_stall
                0x0000000010005ae8       0x2c CMakeFiles/picoPET.dir/Users/dorsic/Development/pico/pico-sdk/lib/tinyusb/src/device/usbd.c.obj
                0x0000000010005ae8                usbd_edpt_clear_stall
 .text.usbd_edpt_stalled
                0x0000000010005b14       0x1c CMakeFiles/picoPET.dir/Users/dorsic/Development/pico/pico-sdk/lib/tinyusb/src/device/usbd.c.obj
                0x0000000010005b14                usbd_edpt_stalled
 .text.process_control_request
                0x0000000010005b30      0x380 CMakeFiles/picoPET.dir/Users/dorsic/Development/pico/pico-sdk/lib/tinyusb/src/device/usbd.c.obj
 .text.tud_task
                0x0000000010005eb0      0x204 CMakeFiles/picoPET.dir/Users/dorsic/Development/pico/pico-sdk/lib/tinyusb/src/device/usbd.c.obj
                0x0000000010005eb0                tud_task
 .text._data_stage_xact
                0x00000000100060b4       0x58 CMakeFiles/picoPET.dir/Users/dorsic/Development/pico/pico-sdk/lib/tinyusb/src/device/usbd_control.c.obj
 .text.tud_control_status
                0x000000001000610c       0x38 CMakeFiles/picoPET.dir/Users/dorsic/Development/pico/pico-sdk/lib/tinyusb/src/device/usbd_control.c.obj
                0x000000001000610c                tud_control_status
 .text.tud_control_xfer
                0x0000000010006144       0xa8 CMakeFiles/picoPET.dir/Users/dorsic/Development/pico/pico-sdk/lib/tinyusb/src/device/usbd_control.c.obj
                0x0000000010006144                tud_control_xfer
 .text.usbd_control_reset
                0x00000000100061ec       0x14 CMakeFiles/picoPET.dir/Users/dorsic/Development/pico/pico-sdk/lib/tinyusb/src/device/usbd_control.c.obj
                0x00000000100061ec                usbd_control_reset
 .text.usbd_control_set_complete_callback
                0x0000000010006200        0xc CMakeFiles/picoPET.dir/Users/dorsic/Development/pico/pico-sdk/lib/tinyusb/src/device/usbd_control.c.obj
                0x0000000010006200                usbd_control_set_complete_callback
 .text.usbd_control_set_request
                0x000000001000620c       0x1c CMakeFiles/picoPET.dir/Users/dorsic/Development/pico/pico-sdk/lib/tinyusb/src/device/usbd_control.c.obj
                0x000000001000620c                usbd_control_set_request
 .text.usbd_control_xfer_cb
                0x0000000010006228       0xfc CMakeFiles/picoPET.dir/Users/dorsic/Development/pico/pico-sdk/lib/tinyusb/src/device/usbd_control.c.obj
                0x0000000010006228                usbd_control_xfer_cb
 .text._prep_out_transaction
                0x0000000010006324       0x46 CMakeFiles/picoPET.dir/Users/dorsic/Development/pico/pico-sdk/lib/tinyusb/src/class/cdc/cdc_device.c.obj
 *fill*         0x000000001000636a        0x2 
 .text.tud_cdc_n_connected
                0x000000001000636c       0x44 CMakeFiles/picoPET.dir/Users/dorsic/Development/pico/pico-sdk/lib/tinyusb/src/class/cdc/cdc_device.c.obj
                0x000000001000636c                tud_cdc_n_connected
 .text.tud_cdc_n_available
                0x00000000100063b0       0x18 CMakeFiles/picoPET.dir/Users/dorsic/Development/pico/pico-sdk/lib/tinyusb/src/class/cdc/cdc_device.c.obj
                0x00000000100063b0                tud_cdc_n_available
 .text.tud_cdc_n_read
                0x00000000100063c8       0x28 CMakeFiles/picoPET.dir/Users/dorsic/Development/pico/pico-sdk/lib/tinyusb/src/class/cdc/cdc_device.c.obj
                0x00000000100063c8                tud_cdc_n_read
 .text.tud_cdc_n_write_flush
                0x00000000100063f0       0xcc CMakeFiles/picoPET.dir/Users/dorsic/Development/pico/pico-sdk/lib/tinyusb/src/class/cdc/cdc_device.c.obj
                0x00000000100063f0                tud_cdc_n_write_flush
 .text.tud_cdc_n_write
                0x00000000100064bc       0x38 CMakeFiles/picoPET.dir/Users/dorsic/Development/pico/pico-sdk/lib/tinyusb/src/class/cdc/cdc_device.c.obj
                0x00000000100064bc                tud_cdc_n_write
 .text.tud_cdc_n_write_available
                0x00000000100064f4       0x1c CMakeFiles/picoPET.dir/Users/dorsic/Development/pico/pico-sdk/lib/tinyusb/src/class/cdc/cdc_device.c.obj
                0x00000000100064f4                tud_cdc_n_write_available
 .text.cdcd_init
                0x0000000010006510       0xb8 CMakeFiles/picoPET.dir/Users/dorsic/Development/pico/pico-sdk/lib/tinyusb/src/class/cdc/cdc_device.c.obj
                0x0000000010006510                cdcd_init
 .text.cdcd_reset
                0x00000000100065c8       0x44 CMakeFiles/picoPET.dir/Users/dorsic/Development/pico/pico-sdk/lib/tinyusb/src/class/cdc/cdc_device.c.obj
                0x00000000100065c8                cdcd_reset
 .text.cdcd_open
                0x000000001000660c      0x10c CMakeFiles/picoPET.dir/Users/dorsic/Development/pico/pico-sdk/lib/tinyusb/src/class/cdc/cdc_device.c.obj
                0x000000001000660c                cdcd_open
 .text.cdcd_control_xfer_cb
                0x0000000010006718      0x134 CMakeFiles/picoPET.dir/Users/dorsic/Development/pico/pico-sdk/lib/tinyusb/src/class/cdc/cdc_device.c.obj
                0x0000000010006718                cdcd_control_xfer_cb
 .text.cdcd_xfer_cb
                0x000000001000684c      0x144 CMakeFiles/picoPET.dir/Users/dorsic/Development/pico/pico-sdk/lib/tinyusb/src/class/cdc/cdc_device.c.obj
                0x000000001000684c                cdcd_xfer_cb
 .text.tusb_init
                0x0000000010006990       0x24 CMakeFiles/picoPET.dir/Users/dorsic/Development/pico/pico-sdk/lib/tinyusb/src/tusb.c.obj
                0x0000000010006990                tusb_init
 .text.tusb_inited
                0x00000000100069b4        0xe CMakeFiles/picoPET.dir/Users/dorsic/Development/pico/pico-sdk/lib/tinyusb/src/tusb.c.obj
                0x00000000100069b4                tusb_inited
 .text.advance_pointer
                0x00000000100069c2       0x1e CMakeFiles/picoPET.dir/Users/dorsic/Development/pico/pico-sdk/lib/tinyusb/src/common/tusb_fifo.c.obj
 .text.backward_pointer
                0x00000000100069e0       0x1a CMakeFiles/picoPET.dir/Users/dorsic/Development/pico/pico-sdk/lib/tinyusb/src/common/tusb_fifo.c.obj
 .text.get_relative_pointer
                0x00000000100069fa       0x10 CMakeFiles/picoPET.dir/Users/dorsic/Development/pico/pico-sdk/lib/tinyusb/src/common/tusb_fifo.c.obj
 .text._tu_fifo_peek
                0x0000000010006a0a       0x50 CMakeFiles/picoPET.dir/Users/dorsic/Development/pico/pico-sdk/lib/tinyusb/src/common/tusb_fifo.c.obj
 .text._ff_pull_const_addr
                0x0000000010006a5a       0x4c CMakeFiles/picoPET.dir/Users/dorsic/Development/pico/pico-sdk/lib/tinyusb/src/common/tusb_fifo.c.obj
 .text._ff_pull_n
                0x0000000010006aa6      0x10c CMakeFiles/picoPET.dir/Users/dorsic/Development/pico/pico-sdk/lib/tinyusb/src/common/tusb_fifo.c.obj
 .text._tu_fifo_peek_n
                0x0000000010006bb2       0x5e CMakeFiles/picoPET.dir/Users/dorsic/Development/pico/pico-sdk/lib/tinyusb/src/common/tusb_fifo.c.obj
 .text._tu_fifo_read_n
                0x0000000010006c10       0x4e CMakeFiles/picoPET.dir/Users/dorsic/Development/pico/pico-sdk/lib/tinyusb/src/common/tusb_fifo.c.obj
 .text._ff_push_const_addr
                0x0000000010006c5e       0x40 CMakeFiles/picoPET.dir/Users/dorsic/Development/pico/pico-sdk/lib/tinyusb/src/common/tusb_fifo.c.obj
 .text._ff_push_n
                0x0000000010006c9e      0x108 CMakeFiles/picoPET.dir/Users/dorsic/Development/pico/pico-sdk/lib/tinyusb/src/common/tusb_fifo.c.obj
 .text._tu_fifo_write_n
                0x0000000010006da6       0x9e CMakeFiles/picoPET.dir/Users/dorsic/Development/pico/pico-sdk/lib/tinyusb/src/common/tusb_fifo.c.obj
 .text.tu_fifo_config
                0x0000000010006e44       0x72 CMakeFiles/picoPET.dir/Users/dorsic/Development/pico/pico-sdk/lib/tinyusb/src/common/tusb_fifo.c.obj
                0x0000000010006e44                tu_fifo_config
 .text.tu_fifo_count
                0x0000000010006eb6       0x26 CMakeFiles/picoPET.dir/Users/dorsic/Development/pico/pico-sdk/lib/tinyusb/src/common/tusb_fifo.c.obj
                0x0000000010006eb6                tu_fifo_count
 .text.tu_fifo_empty
                0x0000000010006edc       0x10 CMakeFiles/picoPET.dir/Users/dorsic/Development/pico/pico-sdk/lib/tinyusb/src/common/tusb_fifo.c.obj
                0x0000000010006edc                tu_fifo_empty
 .text.tu_fifo_remaining
                0x0000000010006eec       0x20 CMakeFiles/picoPET.dir/Users/dorsic/Development/pico/pico-sdk/lib/tinyusb/src/common/tusb_fifo.c.obj
                0x0000000010006eec                tu_fifo_remaining
 .text.tu_fifo_read
                0x0000000010006f0c       0x42 CMakeFiles/picoPET.dir/Users/dorsic/Development/pico/pico-sdk/lib/tinyusb/src/common/tusb_fifo.c.obj
                0x0000000010006f0c                tu_fifo_read
 .text.tu_fifo_read_n
                0x0000000010006f4e        0xa CMakeFiles/picoPET.dir/Users/dorsic/Development/pico/pico-sdk/lib/tinyusb/src/common/tusb_fifo.c.obj
                0x0000000010006f4e                tu_fifo_read_n
 .text.tu_fifo_write
                0x0000000010006f58       0x6c CMakeFiles/picoPET.dir/Users/dorsic/Development/pico/pico-sdk/lib/tinyusb/src/common/tusb_fifo.c.obj
                0x0000000010006f58                tu_fifo_write
 .text.tu_fifo_write_n
                0x0000000010006fc4        0xa CMakeFiles/picoPET.dir/Users/dorsic/Development/pico/pico-sdk/lib/tinyusb/src/common/tusb_fifo.c.obj
                0x0000000010006fc4                tu_fifo_write_n
 .text.tu_fifo_clear
                0x0000000010006fce       0x4c CMakeFiles/picoPET.dir/Users/dorsic/Development/pico/pico-sdk/lib/tinyusb/src/common/tusb_fifo.c.obj
                0x0000000010006fce                tu_fifo_clear
 .text.tu_fifo_set_overwritable
                0x000000001000701a       0x3c CMakeFiles/picoPET.dir/Users/dorsic/Development/pico/pico-sdk/lib/tinyusb/src/common/tusb_fifo.c.obj
                0x000000001000701a                tu_fifo_set_overwritable
 *fill*         0x0000000010007056        0x2 
 .text._retrieve_unique_id_on_boot
                0x0000000010007058       0x10 CMakeFiles/picoPET.dir/Users/dorsic/Development/pico/pico-sdk/src/rp2_common/pico_unique_id/unique_id.c.obj
 .text.pico_get_unique_board_id_string
                0x0000000010007068       0x60 CMakeFiles/picoPET.dir/Users/dorsic/Development/pico/pico-sdk/src/rp2_common/pico_unique_id/unique_id.c.obj
                0x0000000010007068                pico_get_unique_board_id_string
 .text.flash_get_unique_id
                0x00000000100070c8       0x46 CMakeFiles/picoPET.dir/Users/dorsic/Development/pico/pico-sdk/src/rp2_common/hardware_flash/flash.c.obj
                0x00000000100070c8                flash_get_unique_id
 *fill*         0x000000001000710e        0x2 
 .text._pio_can_add_program_at_offset
                0x0000000010007110       0x3c CMakeFiles/picoPET.dir/Users/dorsic/Development/pico/pico-sdk/src/rp2_common/hardware_pio/pio.c.obj
 .text._pio_find_offset_for_program
                0x000000001000714c       0x7c CMakeFiles/picoPET.dir/Users/dorsic/Development/pico/pico-sdk/src/rp2_common/hardware_pio/pio.c.obj
 .text._pio_add_program_at_offset
                0x00000000100071c8       0x78 CMakeFiles/picoPET.dir/Users/dorsic/Development/pico/pico-sdk/src/rp2_common/hardware_pio/pio.c.obj
 .text.pio_add_program
                0x0000000010007240       0x38 CMakeFiles/picoPET.dir/Users/dorsic/Development/pico/pico-sdk/src/rp2_common/hardware_pio/pio.c.obj
                0x0000000010007240                pio_add_program
 .text.pio_sm_set_consecutive_pindirs
                0x0000000010007278       0x70 CMakeFiles/picoPET.dir/Users/dorsic/Development/pico/pico-sdk/src/rp2_common/hardware_pio/pio.c.obj
                0x0000000010007278                pio_sm_set_consecutive_pindirs
 .text.pio_sm_init
                0x00000000100072e8       0xe4 CMakeFiles/picoPET.dir/Users/dorsic/Development/pico/pico-sdk/src/rp2_common/hardware_pio/pio.c.obj
                0x00000000100072e8                pio_sm_init
 .text.strlen   0x00000000100073cc       0x5c /usr/local/Cellar/arm-none-eabi-gcc/10.3-2021.07/gcc/bin/../lib/gcc/arm-none-eabi/10.3.1/../../../../arm-none-eabi/lib/thumb/v6-m/nofp/libg.a(lib_a-strlen-stub.o)
                0x00000000100073cc                strlen
 *(.fini)
 .fini          0x0000000010007428        0x4 /usr/local/Cellar/arm-none-eabi-gcc/10.3-2021.07/gcc/bin/../lib/gcc/arm-none-eabi/10.3.1/thumb/v6-m/nofp/crti.o
                0x0000000010007428                _fini
 *fill*         0x000000001000742c        0x4 
 .fini.__stub   0x0000000010007430       0x70 linker stubs
 *crtbegin.o(.ctors)
 *crtbegin?.o(.ctors)
 *(EXCLUDE_FILE(*crtend.o *crtend?.o) .ctors)
 *(SORT_BY_NAME(.ctors.*))
 *(.ctors)
 *crtbegin.o(.dtors)
 *crtbegin?.o(.dtors)
 *(EXCLUDE_FILE(*crtend.o *crtend?.o) .dtors)
 *(SORT_BY_NAME(.dtors.*))
 *(.dtors)
 *(.eh_frame*)
 .eh_frame      0x00000000100074a0        0x0 /usr/local/Cellar/arm-none-eabi-gcc/10.3-2021.07/gcc/bin/../lib/gcc/arm-none-eabi/10.3.1/thumb/v6-m/nofp/crtbegin.o
                0x00000000100074a0                . = ALIGN (0x4)

.glue_7         0x00000000100074a0        0x0
 .glue_7        0x00000000100074a0        0x0 linker stubs

.glue_7t        0x00000000100074a0        0x0
 .glue_7t       0x00000000100074a0        0x0 linker stubs

.vfp11_veneer   0x00000000100074a0        0x0
 .vfp11_veneer  0x00000000100074a0        0x0 linker stubs

.v4_bx          0x00000000100074a0        0x0
 .v4_bx         0x00000000100074a0        0x0 linker stubs

.iplt           0x00000000100074a0        0x0
 .iplt          0x00000000100074a0        0x0 /usr/local/Cellar/arm-none-eabi-gcc/10.3-2021.07/gcc/bin/../lib/gcc/arm-none-eabi/10.3.1/thumb/v6-m/nofp/crtbegin.o

.rodata         0x00000000100074a0     0x179c
 *(EXCLUDE_FILE(*libm.a: *libc.a:*lib_a-mem*.o *libgcc.a:) .rodata*)
 .rodata.configure_clocks.str1.4
                0x00000000100074a0       0x32 CMakeFiles/picoPET.dir/picoPET.c.obj
 *fill*         0x00000000100074d2        0x2 
 .rodata.main.str1.4
                0x00000000100074d4        0x6 CMakeFiles/picoPET.dir/picoPET.c.obj
 *fill*         0x00000000100074da        0x2 
 .rodata.picopet_sp_program
                0x00000000100074dc        0x6 CMakeFiles/picoPET.dir/picoPET.c.obj
 *fill*         0x00000000100074e2        0x2 
 .rodata.picopet_sp_program_instructions
                0x00000000100074e4       0x14 CMakeFiles/picoPET.dir/picoPET.c.obj
 .rodata.spin_lock_claim_unused.str1.4
                0x00000000100074f8       0x1b CMakeFiles/picoPET.dir/Users/dorsic/Development/pico/pico-sdk/src/rp2_common/hardware_sync/sync.c.obj
 *fill*         0x0000000010007513        0x1 
 .rodata.repeating_timer_callback.str1.4
                0x0000000010007514       0x58 CMakeFiles/picoPET.dir/Users/dorsic/Development/pico/pico-sdk/src/common/pico_time/time.c.obj
 .rodata.alarm_pool_dump_key.str1.4
                0x000000001000756c       0x33 CMakeFiles/picoPET.dir/Users/dorsic/Development/pico/pico-sdk/src/common/pico_time/time.c.obj
 *fill*         0x000000001000759f        0x1 
 .rodata.ph_add_child_node.str1.4
                0x00000000100075a0       0xa2 CMakeFiles/picoPET.dir/Users/dorsic/Development/pico/pico-sdk/src/common/pico_time/time.c.obj
 *fill*         0x0000000010007642        0x2 
 .rodata.add_alarm_under_lock.str1.4
                0x0000000010007644       0x28 CMakeFiles/picoPET.dir/Users/dorsic/Development/pico/pico-sdk/src/common/pico_time/time.c.obj
                                         0x2b (size before relaxing)
 .rodata.alarm_pool_alarm_callback.str1.4
                0x000000001000766c       0xf2 CMakeFiles/picoPET.dir/Users/dorsic/Development/pico/pico-sdk/src/common/pico_time/time.c.obj
 *fill*         0x000000001000775e        0x2 
 .rodata.alarm_pool_get_default.str1.4
                0x0000000010007760       0x21 CMakeFiles/picoPET.dir/Users/dorsic/Development/pico/pico-sdk/src/common/pico_time/time.c.obj
 *fill*         0x0000000010007781        0x3 
 .rodata.alarm_pool_cancel_alarm.str1.4
                0x0000000010007784       0x27 CMakeFiles/picoPET.dir/Users/dorsic/Development/pico/pico-sdk/src/common/pico_time/time.c.obj
 *fill*         0x00000000100077ab        0x1 
 .rodata.__func__.1
                0x00000000100077ac       0x18 CMakeFiles/picoPET.dir/Users/dorsic/Development/pico/pico-sdk/src/common/pico_time/time.c.obj
 .rodata.__func__.10
                0x00000000100077c4       0x15 CMakeFiles/picoPET.dir/Users/dorsic/Development/pico/pico-sdk/src/common/pico_time/time.c.obj
 *fill*         0x00000000100077d9        0x3 
 .rodata.__func__.11
                0x00000000100077dc       0x1a CMakeFiles/picoPET.dir/Users/dorsic/Development/pico/pico-sdk/src/common/pico_time/time.c.obj
 *fill*         0x00000000100077f6        0x2 
 .rodata.__func__.12
                0x00000000100077f8        0xa CMakeFiles/picoPET.dir/Users/dorsic/Development/pico/pico-sdk/src/common/pico_time/time.c.obj
 *fill*         0x0000000010007802        0x2 
 .rodata.__func__.3
                0x0000000010007804       0x17 CMakeFiles/picoPET.dir/Users/dorsic/Development/pico/pico-sdk/src/common/pico_time/time.c.obj
 *fill*         0x000000001000781b        0x1 
 .rodata.__func__.4
                0x000000001000781c       0x12 CMakeFiles/picoPET.dir/Users/dorsic/Development/pico/pico-sdk/src/common/pico_time/time.c.obj
 *fill*         0x000000001000782e        0x2 
 .rodata.__func__.5
                0x0000000010007830        0xd CMakeFiles/picoPET.dir/Users/dorsic/Development/pico/pico-sdk/src/common/pico_time/time.c.obj
 *fill*         0x000000001000783d        0x3 
 .rodata.__func__.6
                0x0000000010007840       0x12 CMakeFiles/picoPET.dir/Users/dorsic/Development/pico/pico-sdk/src/common/pico_time/time.c.obj
 *fill*         0x0000000010007852        0x2 
 .rodata.__func__.7
                0x0000000010007854        0xf CMakeFiles/picoPET.dir/Users/dorsic/Development/pico/pico-sdk/src/common/pico_time/time.c.obj
 *fill*         0x0000000010007863        0x1 
 .rodata.__func__.8
                0x0000000010007864        0xc CMakeFiles/picoPET.dir/Users/dorsic/Development/pico/pico-sdk/src/common/pico_time/time.c.obj
 .rodata.__func__.9
                0x0000000010007870       0x15 CMakeFiles/picoPET.dir/Users/dorsic/Development/pico/pico-sdk/src/common/pico_time/time.c.obj
 *fill*         0x0000000010007885        0x3 
 .rodata.hardware_alarm_claim.str1.4
                0x0000000010007888       0x22 CMakeFiles/picoPET.dir/Users/dorsic/Development/pico/pico-sdk/src/rp2_common/hardware_timer/timer.c.obj
 *fill*         0x00000000100078aa        0x2 
 .rodata.hardware_alarm_set_target.str1.4
                0x00000000100078ac       0x72 CMakeFiles/picoPET.dir/Users/dorsic/Development/pico/pico-sdk/src/rp2_common/hardware_timer/timer.c.obj
 *fill*         0x000000001000791e        0x2 
 .rodata.__func__.0
                0x0000000010007920       0x1a CMakeFiles/picoPET.dir/Users/dorsic/Development/pico/pico-sdk/src/rp2_common/hardware_timer/timer.c.obj
 *fill*         0x000000001000793a        0x2 
 .rodata.str1.4
                0x000000001000793c       0xc1 CMakeFiles/picoPET.dir/Users/dorsic/Development/pico/pico-sdk/src/common/pico_sync/mutex.c.obj
                                        0x131 (size before relaxing)
 *fill*         0x00000000100079fd        0x3 
 .rodata.__func__.0
                0x0000000010007a00        0xb CMakeFiles/picoPET.dir/Users/dorsic/Development/pico/pico-sdk/src/common/pico_sync/mutex.c.obj
 *fill*         0x0000000010007a0b        0x1 
 .rodata.__func__.1
                0x0000000010007a0c       0x18 CMakeFiles/picoPET.dir/Users/dorsic/Development/pico/pico-sdk/src/common/pico_sync/mutex.c.obj
 .rodata.__func__.2
                0x0000000010007a24       0x15 CMakeFiles/picoPET.dir/Users/dorsic/Development/pico/pico-sdk/src/common/pico_sync/mutex.c.obj
 *fill*         0x0000000010007a39        0x3 
 .rodata.__func__.3
                0x0000000010007a3c       0x15 CMakeFiles/picoPET.dir/Users/dorsic/Development/pico/pico-sdk/src/common/pico_sync/mutex.c.obj
 .rodata.ph_add_child_node.str1.4
                0x0000000010007a51       0xa2 CMakeFiles/picoPET.dir/Users/dorsic/Development/pico/pico-sdk/src/common/pico_util/pheap.c.obj
 *fill*         0x0000000010007a51        0x3 
 .rodata.ph_remove_any_head.str1.4
                0x0000000010007a54       0x9c CMakeFiles/picoPET.dir/Users/dorsic/Development/pico/pico-sdk/src/common/pico_util/pheap.c.obj
 .rodata.ph_remove_and_free_node.str1.4
                0x0000000010007af0       0x26 CMakeFiles/picoPET.dir/Users/dorsic/Development/pico/pico-sdk/src/common/pico_util/pheap.c.obj
 *fill*         0x0000000010007b16        0x2 
 .rodata.__func__.0
                0x0000000010007b18       0x18 CMakeFiles/picoPET.dir/Users/dorsic/Development/pico/pico-sdk/src/common/pico_util/pheap.c.obj
 .rodata.__func__.1
                0x0000000010007b30       0x13 CMakeFiles/picoPET.dir/Users/dorsic/Development/pico/pico-sdk/src/common/pico_util/pheap.c.obj
 *fill*         0x0000000010007b43        0x1 
 .rodata.__func__.2
                0x0000000010007b44       0x12 CMakeFiles/picoPET.dir/Users/dorsic/Development/pico/pico-sdk/src/common/pico_util/pheap.c.obj
 *fill*         0x0000000010007b56        0x2 
 .rodata.__func__.3
                0x0000000010007b58        0xc CMakeFiles/picoPET.dir/Users/dorsic/Development/pico/pico-sdk/src/common/pico_util/pheap.c.obj
 .rodata.__assert_func.str1.4
                0x0000000010007b64       0x3f CMakeFiles/picoPET.dir/Users/dorsic/Development/pico/pico-sdk/src/rp2_common/pico_runtime/runtime.c.obj
                                         0x43 (size before relaxing)
 *fill*         0x0000000010007ba3        0x1 
 .rodata.panic.str1.4
                0x0000000010007ba4       0x10 CMakeFiles/picoPET.dir/Users/dorsic/Development/pico/pico-sdk/src/rp2_common/pico_runtime/runtime.c.obj
                                         0x12 (size before relaxing)
 .rodata.clock_configure.str1.4
                0x0000000010007bb4       0x64 CMakeFiles/picoPET.dir/Users/dorsic/Development/pico/pico-sdk/src/rp2_common/hardware_clocks/clocks.c.obj
 .rodata.__func__.1
                0x0000000010007c18       0x10 CMakeFiles/picoPET.dir/Users/dorsic/Development/pico/pico-sdk/src/rp2_common/hardware_clocks/clocks.c.obj
 .rodata.make_branch.str1.4
                0x0000000010007c28       0x5a CMakeFiles/picoPET.dir/Users/dorsic/Development/pico/pico-sdk/src/rp2_common/hardware_irq/irq.c.obj
 *fill*         0x0000000010007c82        0x2 
 .rodata.irq_set_exclusive_handler.str1.4
                0x0000000010007c84       0x36 CMakeFiles/picoPET.dir/Users/dorsic/Development/pico/pico-sdk/src/rp2_common/hardware_irq/irq.c.obj
 *fill*         0x0000000010007cba        0x2 
 .rodata.irq_add_shared_handler.str1.4
                0x0000000010007cbc       0xd9 CMakeFiles/picoPET.dir/Users/dorsic/Development/pico/pico-sdk/src/rp2_common/hardware_irq/irq.c.obj
 *fill*         0x0000000010007d95        0x3 
 .rodata.irq_remove_handler.str1.4
                0x0000000010007d98       0x2a CMakeFiles/picoPET.dir/Users/dorsic/Development/pico/pico-sdk/src/rp2_common/hardware_irq/irq.c.obj
 *fill*         0x0000000010007dc2        0x2 
 .rodata.irq_add_tail_to_free_list.str1.4
                0x0000000010007dc4       0x32 CMakeFiles/picoPET.dir/Users/dorsic/Development/pico/pico-sdk/src/rp2_common/hardware_irq/irq.c.obj
                                         0x3a (size before relaxing)
 *fill*         0x0000000010007df6        0x2 
 .rodata.__func__.0
                0x0000000010007df8       0x1a CMakeFiles/picoPET.dir/Users/dorsic/Development/pico/pico-sdk/src/rp2_common/hardware_irq/irq.c.obj
 *fill*         0x0000000010007e12        0x2 
 .rodata.__func__.1
                0x0000000010007e14       0x17 CMakeFiles/picoPET.dir/Users/dorsic/Development/pico/pico-sdk/src/rp2_common/hardware_irq/irq.c.obj
 *fill*         0x0000000010007e2b        0x1 
 .rodata.__func__.2
                0x0000000010007e2c       0x13 CMakeFiles/picoPET.dir/Users/dorsic/Development/pico/pico-sdk/src/rp2_common/hardware_irq/irq.c.obj
 *fill*         0x0000000010007e3f        0x1 
 .rodata.__func__.3
                0x0000000010007e40        0xc CMakeFiles/picoPET.dir/Users/dorsic/Development/pico/pico-sdk/src/rp2_common/hardware_irq/irq.c.obj
 .rodata.__func__.4
                0x0000000010007e4c        0xf CMakeFiles/picoPET.dir/Users/dorsic/Development/pico/pico-sdk/src/rp2_common/hardware_irq/irq.c.obj
 *fill*         0x0000000010007e5b        0x1 
 .rodata.__func__.6
                0x0000000010007e5c       0x1a CMakeFiles/picoPET.dir/Users/dorsic/Development/pico/pico-sdk/src/rp2_common/hardware_irq/irq.c.obj
 *fill*         0x0000000010007e76        0x2 
 .rodata.pll_init.str1.4
                0x0000000010007e78       0xe7 CMakeFiles/picoPET.dir/Users/dorsic/Development/pico/pico-sdk/src/rp2_common/hardware_pll/pll.c.obj
 *fill*         0x0000000010007f5f        0x1 
 .rodata.__func__.0
                0x0000000010007f60        0x9 CMakeFiles/picoPET.dir/Users/dorsic/Development/pico/pico-sdk/src/rp2_common/hardware_pll/pll.c.obj
 *fill*         0x0000000010007f69        0x3 
 .rodata._ftoa.str1.4
                0x0000000010007f6c       0x15 CMakeFiles/picoPET.dir/Users/dorsic/Development/pico/pico-sdk/src/rp2_common/pico_printf/printf.c.obj
 *fill*         0x0000000010007f81        0x3 
 .rodata._vsnprintf
                0x0000000010007f84      0x1e0 CMakeFiles/picoPET.dir/Users/dorsic/Development/pico/pico-sdk/src/rp2_common/pico_printf/printf.c.obj
 *fill*         0x0000000010008164        0x4 
 .rodata.pow10.0
                0x0000000010008168       0x50 CMakeFiles/picoPET.dir/Users/dorsic/Development/pico/pico-sdk/src/rp2_common/pico_printf/printf.c.obj
 .rodata.__aeabi_double_init.str1.4
                0x00000000100081b8       0xb5 CMakeFiles/picoPET.dir/Users/dorsic/Development/pico/pico-sdk/src/rp2_common/pico_double/double_init_rom.c.obj
 *fill*         0x000000001000826d        0x3 
 .rodata.__func__.0
                0x0000000010008270       0x14 CMakeFiles/picoPET.dir/Users/dorsic/Development/pico/pico-sdk/src/rp2_common/pico_double/double_init_rom.c.obj
 .rodata.__aeabi_float_init.str1.4
                0x0000000010008284       0x87 CMakeFiles/picoPET.dir/Users/dorsic/Development/pico/pico-sdk/src/rp2_common/pico_float/float_init_rom.c.obj
                                         0x8b (size before relaxing)
 *fill*         0x000000001000830b        0x1 
 .rodata.__func__.0
                0x000000001000830c       0x13 CMakeFiles/picoPET.dir/Users/dorsic/Development/pico/pico-sdk/src/rp2_common/pico_float/float_init_rom.c.obj
 *fill*         0x000000001000831f        0x1 
 .rodata.str1.4
                0x0000000010008320       0x3c CMakeFiles/picoPET.dir/Users/dorsic/Development/pico/pico-sdk/src/rp2_common/pico_standard_link/binary_info.c.obj
 .rodata.__bi_44
                0x000000001000835c        0xc CMakeFiles/picoPET.dir/Users/dorsic/Development/pico/pico-sdk/src/rp2_common/pico_standard_link/binary_info.c.obj
 .rodata.__bi_75
                0x0000000010008368        0xc CMakeFiles/picoPET.dir/Users/dorsic/Development/pico/pico-sdk/src/rp2_common/pico_standard_link/binary_info.c.obj
 .rodata.__bi_81
                0x0000000010008374        0xc CMakeFiles/picoPET.dir/Users/dorsic/Development/pico/pico-sdk/src/rp2_common/pico_standard_link/binary_info.c.obj
 .rodata.crlf_str.3
                0x0000000010008380        0x2 CMakeFiles/picoPET.dir/Users/dorsic/Development/pico/pico-sdk/src/rp2_common/pico_stdio/stdio.c.obj
 *fill*         0x0000000010008382        0x2 
 .rodata._resetd_driver
                0x0000000010008384       0x18 CMakeFiles/picoPET.dir/Users/dorsic/Development/pico/pico-sdk/src/rp2_common/pico_stdio_usb/reset_interface.c.obj
 .rodata.stdio_usb_init.str1.4
                0x000000001000839c       0x6e CMakeFiles/picoPET.dir/Users/dorsic/Development/pico/pico-sdk/src/rp2_common/pico_stdio_usb/stdio_usb.c.obj
 .rodata.str1.4
                0x000000001000839c       0x13 CMakeFiles/picoPET.dir/Users/dorsic/Development/pico/pico-sdk/src/rp2_common/pico_stdio_usb/stdio_usb.c.obj
 *fill*         0x00000000100083af        0x1 
 .rodata.__bi_93.1
                0x00000000100083b0        0xc CMakeFiles/picoPET.dir/Users/dorsic/Development/pico/pico-sdk/src/rp2_common/pico_stdio_usb/stdio_usb.c.obj
 .rodata.__func__.0
                0x00000000100083bc       0x15 CMakeFiles/picoPET.dir/Users/dorsic/Development/pico/pico-sdk/src/rp2_common/pico_stdio_usb/stdio_usb.c.obj
 *fill*         0x00000000100083d1        0x3 
 .rodata.str1.4
                0x00000000100083d4       0x2a CMakeFiles/picoPET.dir/Users/dorsic/Development/pico/pico-sdk/src/rp2_common/pico_stdio_usb/stdio_usb_descriptors.c.obj
 *fill*         0x00000000100083fe        0x2 
 .rodata.usbd_desc_cfg
                0x0000000010008400       0x54 CMakeFiles/picoPET.dir/Users/dorsic/Development/pico/pico-sdk/src/rp2_common/pico_stdio_usb/stdio_usb_descriptors.c.obj
 .rodata.usbd_desc_device
                0x0000000010008454       0x12 CMakeFiles/picoPET.dir/Users/dorsic/Development/pico/pico-sdk/src/rp2_common/pico_stdio_usb/stdio_usb_descriptors.c.obj
 *fill*         0x0000000010008466        0x2 
 .rodata.usbd_desc_str
                0x0000000010008468       0x18 CMakeFiles/picoPET.dir/Users/dorsic/Development/pico/pico-sdk/src/rp2_common/pico_stdio_usb/stdio_usb_descriptors.c.obj
 .rodata._hw_endpoint_alloc.str1.4
                0x0000000010008480       0xc5 CMakeFiles/picoPET.dir/Users/dorsic/Development/pico/pico-sdk/lib/tinyusb/src/portable/raspberrypi/rp2040/dcd_rp2040.c.obj
 *fill*         0x0000000010008545        0x3 
 .rodata._hw_endpoint_init.str1.4
                0x0000000010008548       0x28 CMakeFiles/picoPET.dir/Users/dorsic/Development/pico/pico-sdk/lib/tinyusb/src/portable/raspberrypi/rp2040/dcd_rp2040.c.obj
 .rodata.hw_handle_buff_status.str1.4
                0x0000000010008570        0xb CMakeFiles/picoPET.dir/Users/dorsic/Development/pico/pico-sdk/lib/tinyusb/src/portable/raspberrypi/rp2040/dcd_rp2040.c.obj
 *fill*         0x000000001000857b        0x1 
 .rodata.dcd_rp2040_irq.str1.4
                0x000000001000857c       0x14 CMakeFiles/picoPET.dir/Users/dorsic/Development/pico/pico-sdk/lib/tinyusb/src/portable/raspberrypi/rp2040/dcd_rp2040.c.obj
 .rodata._hw_endpoint_stall.str1.4
                0x0000000010008590        0xd CMakeFiles/picoPET.dir/Users/dorsic/Development/pico/pico-sdk/lib/tinyusb/src/portable/raspberrypi/rp2040/dcd_rp2040.c.obj
 *fill*         0x000000001000859d        0x3 
 .rodata.dcd_int_enable.str1.4
                0x00000000100085a0        0xc CMakeFiles/picoPET.dir/Users/dorsic/Development/pico/pico-sdk/lib/tinyusb/src/portable/raspberrypi/rp2040/dcd_rp2040.c.obj
 .rodata.__func__.0
                0x00000000100085ac       0x15 CMakeFiles/picoPET.dir/Users/dorsic/Development/pico/pico-sdk/lib/tinyusb/src/portable/raspberrypi/rp2040/dcd_rp2040.c.obj
 *fill*         0x00000000100085c1        0x3 
 .rodata.__func__.1
                0x00000000100085c4       0x13 CMakeFiles/picoPET.dir/Users/dorsic/Development/pico/pico-sdk/lib/tinyusb/src/portable/raspberrypi/rp2040/dcd_rp2040.c.obj
 *fill*         0x00000000100085d7        0x1 
 .rodata.__func__.11
                0x00000000100085d8        0xf CMakeFiles/picoPET.dir/Users/dorsic/Development/pico/pico-sdk/lib/tinyusb/src/portable/raspberrypi/rp2040/dcd_rp2040.c.obj
 *fill*         0x00000000100085e7        0x1 
 .rodata.__func__.12
                0x00000000100085e8       0x13 CMakeFiles/picoPET.dir/Users/dorsic/Development/pico/pico-sdk/lib/tinyusb/src/portable/raspberrypi/rp2040/dcd_rp2040.c.obj
 *fill*         0x00000000100085fb        0x1 
 .rodata.__func__.13
                0x00000000100085fc       0x16 CMakeFiles/picoPET.dir/Users/dorsic/Development/pico/pico-sdk/lib/tinyusb/src/portable/raspberrypi/rp2040/dcd_rp2040.c.obj
 *fill*         0x0000000010008612        0x2 
 .rodata.__func__.14
                0x0000000010008614        0x9 CMakeFiles/picoPET.dir/Users/dorsic/Development/pico/pico-sdk/lib/tinyusb/src/portable/raspberrypi/rp2040/dcd_rp2040.c.obj
 *fill*         0x000000001000861d        0x3 
 .rodata.__func__.2
                0x0000000010008620        0xf CMakeFiles/picoPET.dir/Users/dorsic/Development/pico/pico-sdk/lib/tinyusb/src/portable/raspberrypi/rp2040/dcd_rp2040.c.obj
 *fill*         0x000000001000862f        0x1 
 .rodata.__func__.3
                0x0000000010008630        0xe CMakeFiles/picoPET.dir/Users/dorsic/Development/pico/pico-sdk/lib/tinyusb/src/portable/raspberrypi/rp2040/dcd_rp2040.c.obj
 *fill*         0x000000001000863e        0x2 
 .rodata.__func__.4
                0x0000000010008640        0xe CMakeFiles/picoPET.dir/Users/dorsic/Development/pico/pico-sdk/lib/tinyusb/src/portable/raspberrypi/rp2040/dcd_rp2040.c.obj
 *fill*         0x000000001000864e        0x2 
 .rodata.__func__.5
                0x0000000010008650       0x1a CMakeFiles/picoPET.dir/Users/dorsic/Development/pico/pico-sdk/lib/tinyusb/src/portable/raspberrypi/rp2040/dcd_rp2040.c.obj
 *fill*         0x000000001000866a        0x2 
 .rodata.__func__.6
                0x000000001000866c        0xc CMakeFiles/picoPET.dir/Users/dorsic/Development/pico/pico-sdk/lib/tinyusb/src/portable/raspberrypi/rp2040/dcd_rp2040.c.obj
 .rodata.__func__.9
                0x0000000010008678       0x10 CMakeFiles/picoPET.dir/Users/dorsic/Development/pico/pico-sdk/lib/tinyusb/src/portable/raspberrypi/rp2040/dcd_rp2040.c.obj
 .rodata._hw_endpoint_buffer_control_update32.str1.4
                0x0000000010008688       0x1f CMakeFiles/picoPET.dir/Users/dorsic/Development/pico/pico-sdk/lib/tinyusb/src/portable/raspberrypi/rp2040/rp2040_usb.c.obj
 *fill*         0x00000000100086a7        0x1 
 .rodata._hw_endpoint_xfer_sync.str1.4
                0x00000000100086a8       0xa1 CMakeFiles/picoPET.dir/Users/dorsic/Development/pico/pico-sdk/lib/tinyusb/src/portable/raspberrypi/rp2040/rp2040_usb.c.obj
 *fill*         0x0000000010008749        0x3 
 .rodata._hw_endpoint_xfer_continue.str1.4
                0x000000001000874c       0x50 CMakeFiles/picoPET.dir/Users/dorsic/Development/pico/pico-sdk/lib/tinyusb/src/portable/raspberrypi/rp2040/rp2040_usb.c.obj
 .rodata._hw_endpoint_xfer.str1.4
                0x000000001000879c        0xf CMakeFiles/picoPET.dir/Users/dorsic/Development/pico/pico-sdk/lib/tinyusb/src/portable/raspberrypi/rp2040/rp2040_usb.c.obj
 *fill*         0x00000000100087ab        0x1 
 .rodata.str1.4
                0x00000000100087ac        0x7 CMakeFiles/picoPET.dir/Users/dorsic/Development/pico/pico-sdk/lib/tinyusb/src/portable/raspberrypi/rp2040/rp2040_usb.c.obj
 *fill*         0x00000000100087b3        0x1 
 .rodata.__func__.0
                0x00000000100087b4       0x12 CMakeFiles/picoPET.dir/Users/dorsic/Development/pico/pico-sdk/lib/tinyusb/src/portable/raspberrypi/rp2040/rp2040_usb.c.obj
 *fill*         0x00000000100087c6        0x2 
 .rodata.__func__.1
                0x00000000100087c8       0x17 CMakeFiles/picoPET.dir/Users/dorsic/Development/pico/pico-sdk/lib/tinyusb/src/portable/raspberrypi/rp2040/rp2040_usb.c.obj
 *fill*         0x00000000100087df        0x1 
 .rodata.process_set_config.str1.4
                0x00000000100087e0       0x17 CMakeFiles/picoPET.dir/Users/dorsic/Development/pico/pico-sdk/lib/tinyusb/src/device/usbd.c.obj
 *fill*         0x00000000100087f7        0x1 
 .rodata.process_get_descriptor
                0x00000000100087f8       0x40 CMakeFiles/picoPET.dir/Users/dorsic/Development/pico/pico-sdk/lib/tinyusb/src/device/usbd.c.obj
 .rodata.process_control_request
                0x0000000010008838       0x28 CMakeFiles/picoPET.dir/Users/dorsic/Development/pico/pico-sdk/lib/tinyusb/src/device/usbd.c.obj
 .rodata.tud_task
                0x0000000010008860       0x24 CMakeFiles/picoPET.dir/Users/dorsic/Development/pico/pico-sdk/lib/tinyusb/src/device/usbd.c.obj
 .rodata.__func__.2
                0x0000000010008884        0xf CMakeFiles/picoPET.dir/Users/dorsic/Development/pico/pico-sdk/lib/tinyusb/src/device/usbd.c.obj
 *fill*         0x0000000010008893        0x1 
 .rodata.__func__.3
                0x0000000010008894        0xf CMakeFiles/picoPET.dir/Users/dorsic/Development/pico/pico-sdk/lib/tinyusb/src/device/usbd.c.obj
 *fill*         0x00000000100088a3        0x1 
 .rodata.__func__.4
                0x00000000100088a4       0x14 CMakeFiles/picoPET.dir/Users/dorsic/Development/pico/pico-sdk/lib/tinyusb/src/device/usbd.c.obj
 .rodata.__func__.5
                0x00000000100088b8       0x10 CMakeFiles/picoPET.dir/Users/dorsic/Development/pico/pico-sdk/lib/tinyusb/src/device/usbd.c.obj
 .rodata.__func__.6
                0x00000000100088c8       0x17 CMakeFiles/picoPET.dir/Users/dorsic/Development/pico/pico-sdk/lib/tinyusb/src/device/usbd.c.obj
 *fill*         0x00000000100088df        0x1 
 .rodata.__func__.7
                0x00000000100088e0       0x13 CMakeFiles/picoPET.dir/Users/dorsic/Development/pico/pico-sdk/lib/tinyusb/src/device/usbd.c.obj
 *fill*         0x00000000100088f3        0x1 
 .rodata.__func__.8
                0x00000000100088f4       0x18 CMakeFiles/picoPET.dir/Users/dorsic/Development/pico/pico-sdk/lib/tinyusb/src/device/usbd.c.obj
 .rodata.__func__.9
                0x000000001000890c        0x9 CMakeFiles/picoPET.dir/Users/dorsic/Development/pico/pico-sdk/lib/tinyusb/src/device/usbd.c.obj
 *fill*         0x0000000010008915        0x3 
 .rodata._usbd_driver
                0x0000000010008918       0x18 CMakeFiles/picoPET.dir/Users/dorsic/Development/pico/pico-sdk/lib/tinyusb/src/device/usbd.c.obj
 .rodata.tud_control_xfer.str1.4
                0x0000000010008930       0x17 CMakeFiles/picoPET.dir/Users/dorsic/Development/pico/pico-sdk/lib/tinyusb/src/device/usbd_control.c.obj
 .rodata.__func__.0
                0x0000000010008930       0x15 CMakeFiles/picoPET.dir/Users/dorsic/Development/pico/pico-sdk/lib/tinyusb/src/device/usbd_control.c.obj
 *fill*         0x0000000010008945        0x3 
 .rodata.__func__.1
                0x0000000010008948       0x11 CMakeFiles/picoPET.dir/Users/dorsic/Development/pico/pico-sdk/lib/tinyusb/src/device/usbd_control.c.obj
 .rodata.tud_cdc_n_write_flush.str1.4
                0x0000000010008959       0x17 CMakeFiles/picoPET.dir/Users/dorsic/Development/pico/pico-sdk/lib/tinyusb/src/class/cdc/cdc_device.c.obj
 *fill*         0x0000000010008959        0x3 
 .rodata.__func__.0
                0x000000001000895c        0xd CMakeFiles/picoPET.dir/Users/dorsic/Development/pico/pico-sdk/lib/tinyusb/src/class/cdc/cdc_device.c.obj
 *fill*         0x0000000010008969        0x3 
 .rodata.__func__.1
                0x000000001000896c        0xa CMakeFiles/picoPET.dir/Users/dorsic/Development/pico/pico-sdk/lib/tinyusb/src/class/cdc/cdc_device.c.obj
 *fill*         0x0000000010008976        0x2 
 .rodata.__func__.2
                0x0000000010008978       0x16 CMakeFiles/picoPET.dir/Users/dorsic/Development/pico/pico-sdk/lib/tinyusb/src/class/cdc/cdc_device.c.obj
 .rodata.tusb_init.str1.4
                0x000000001000898e       0x17 CMakeFiles/picoPET.dir/Users/dorsic/Development/pico/pico-sdk/lib/tinyusb/src/tusb.c.obj
 *fill*         0x000000001000898e        0x2 
 .rodata.__func__.0
                0x0000000010008990        0xa CMakeFiles/picoPET.dir/Users/dorsic/Development/pico/pico-sdk/lib/tinyusb/src/tusb.c.obj
 *fill*         0x000000001000899a        0x2 
 .rodata.pico_get_unique_board_id_string.str1.4
                0x000000001000899c       0x5a CMakeFiles/picoPET.dir/Users/dorsic/Development/pico/pico-sdk/src/rp2_common/pico_unique_id/unique_id.c.obj
 *fill*         0x00000000100089f6        0x2 
 .rodata.__func__.0
                0x00000000100089f8       0x20 CMakeFiles/picoPET.dir/Users/dorsic/Development/pico/pico-sdk/src/rp2_common/pico_unique_id/unique_id.c.obj
 .rodata.str1.4
                0x0000000010008a18      0x166 CMakeFiles/picoPET.dir/Users/dorsic/Development/pico/pico-sdk/src/rp2_common/hardware_flash/flash.c.obj
 *fill*         0x0000000010008b7e        0x2 
 .rodata.__func__.0
                0x0000000010008b80        0xd CMakeFiles/picoPET.dir/Users/dorsic/Development/pico/pico-sdk/src/rp2_common/hardware_flash/flash.c.obj
 *fill*         0x0000000010008b8d        0x3 
 .rodata._pio_find_offset_for_program.str1.4
                0x0000000010008b90       0x76 CMakeFiles/picoPET.dir/Users/dorsic/Development/pico/pico-sdk/src/rp2_common/hardware_pio/pio.c.obj
 *fill*         0x0000000010008c06        0x2 
 .rodata._pio_add_program_at_offset.str1.4
                0x0000000010008c08       0x11 CMakeFiles/picoPET.dir/Users/dorsic/Development/pico/pico-sdk/src/rp2_common/hardware_pio/pio.c.obj
 *fill*         0x0000000010008c19        0x3 
 .rodata.__func__.1
                0x0000000010008c1c       0x1d CMakeFiles/picoPET.dir/Users/dorsic/Development/pico/pico-sdk/src/rp2_common/hardware_pio/pio.c.obj
                0x0000000010008c3c                . = ALIGN (0x4)
 *fill*         0x0000000010008c39        0x3 
 *(SORT_BY_ALIGNMENT(SORT_BY_NAME(.flashdata*)))
                0x0000000010008c3c                . = ALIGN (0x4)

.rel.dyn        0x0000000010008c3c        0x0
 .rel.iplt      0x0000000010008c3c        0x0 /usr/local/Cellar/arm-none-eabi-gcc/10.3-2021.07/gcc/bin/../lib/gcc/arm-none-eabi/10.3.1/thumb/v6-m/nofp/crtbegin.o

.ARM.extab
 *(.ARM.extab* .gnu.linkonce.armextab.*)
                0x0000000010008c3c                __exidx_start = .

.ARM.exidx